[2026-04-30T12:25:37.552+0000] {local_task_job_runner.py:120} INFO - ::group::Pre task execution logs
[2026-04-30T12:25:37.588+0000] {taskinstance.py:2076} INFO - Dependencies all met for dep_context=non-requeueable deps ti=<TaskInstance: sales_dwh_pipeline.dbt_gold.dbt_run_facts manual__2026-04-30T12:24:14.517815+00:00 [queued]>
[2026-04-30T12:25:37.597+0000] {taskinstance.py:2076} INFO - Dependencies all met for dep_context=requeueable deps ti=<TaskInstance: sales_dwh_pipeline.dbt_gold.dbt_run_facts manual__2026-04-30T12:24:14.517815+00:00 [queued]>
[2026-04-30T12:25:37.598+0000] {taskinstance.py:2306} INFO - Starting attempt 1 of 2
[2026-04-30T12:25:37.612+0000] {taskinstance.py:2330} INFO - Executing <Task(BashOperator): dbt_gold.dbt_run_facts> on 2026-04-30 12:24:14.517815+00:00
[2026-04-30T12:25:37.621+0000] {logging_mixin.py:188} WARNING - /home/***/.local/lib/python3.12/site-packages/***/task/task_runner/standard_task_runner.py:61 DeprecationWarning: This process (pid=370) is multi-threaded, use of fork() may lead to deadlocks in the child.
[2026-04-30T12:25:37.623+0000] {standard_task_runner.py:63} INFO - Started process 371 to run task
[2026-04-30T12:25:37.622+0000] {standard_task_runner.py:90} INFO - Running: ['***', 'tasks', 'run', 'sales_dwh_pipeline', 'dbt_gold.dbt_run_facts', 'manual__2026-04-30T12:24:14.517815+00:00', '--job-id', '50', '--raw', '--subdir', 'DAGS_FOLDER/sales_dwh_pipeline.py', '--cfg-path', '/tmp/tmpdj71e0rq']
[2026-04-30T12:25:37.624+0000] {standard_task_runner.py:91} INFO - Job 50: Subtask dbt_gold.dbt_run_facts
[2026-04-30T12:25:37.692+0000] {task_command.py:426} INFO - Running <TaskInstance: sales_dwh_pipeline.dbt_gold.dbt_run_facts manual__2026-04-30T12:24:14.517815+00:00 [running]> on host eead328d0d46
[2026-04-30T12:25:37.779+0000] {taskinstance.py:2648} INFO - Exporting env vars: AIRFLOW_CTX_DAG_OWNER='data-team' AIRFLOW_CTX_DAG_ID='sales_dwh_pipeline' AIRFLOW_CTX_TASK_ID='dbt_gold.dbt_run_facts' AIRFLOW_CTX_EXECUTION_DATE='2026-04-30T12:24:14.517815+00:00' AIRFLOW_CTX_TRY_NUMBER='1' AIRFLOW_CTX_DAG_RUN_ID='manual__2026-04-30T12:24:14.517815+00:00'
[2026-04-30T12:25:37.780+0000] {taskinstance.py:430} INFO - ::endgroup::
[2026-04-30T12:25:37.794+0000] {subprocess.py:63} INFO - Tmp dir root location: /tmp
[2026-04-30T12:25:37.796+0000] {subprocess.py:75} INFO - Running command: ['/usr/bin/bash', '-c', 'dbt run --project-dir /opt/***/dbt/sales_dwh --profiles-dir /opt/***/dbt/profiles --no-use-colors --select marts.gold.fact_sales']
[2026-04-30T12:25:37.810+0000] {subprocess.py:86} INFO - Output:
[2026-04-30T12:25:39.863+0000] {subprocess.py:93} INFO - 12:25:39  Running with dbt=1.11.8
[2026-04-30T12:25:40.871+0000] {subprocess.py:93} INFO - 12:25:40  Registered adapter: snowflake=1.8.4
[2026-04-30T12:25:42.233+0000] {subprocess.py:93} INFO - 12:25:42  Found 9 models, 5 data tests, 6 sources, 617 macros
[2026-04-30T12:25:42.237+0000] {subprocess.py:93} INFO - 12:25:42
[2026-04-30T12:25:42.238+0000] {subprocess.py:93} INFO - 12:25:42  Concurrency: 4 threads (target='dev')
[2026-04-30T12:25:42.239+0000] {subprocess.py:93} INFO - 12:25:42
[2026-04-30T12:25:45.675+0000] {subprocess.py:93} INFO - 12:25:45  1 of 1 START sql table model Gold.fact_sales ................................... [RUN]
[2026-04-30T12:25:49.821+0000] {subprocess.py:93} INFO - 12:25:49  1 of 1 OK created sql table model Gold.fact_sales .............................. [SUCCESS 1 in 4.14s]
[2026-04-30T12:25:49.830+0000] {subprocess.py:93} INFO - 12:25:49
[2026-04-30T12:25:49.831+0000] {subprocess.py:93} INFO - 12:25:49  Finished running 1 table model in 0 hours 0 minutes and 7.59 seconds (7.59s).
[2026-04-30T12:25:50.017+0000] {subprocess.py:93} INFO - 12:25:50
[2026-04-30T12:25:50.018+0000] {subprocess.py:93} INFO - 12:25:50  Completed successfully
[2026-04-30T12:25:50.020+0000] {subprocess.py:93} INFO - 12:25:50
[2026-04-30T12:25:50.021+0000] {subprocess.py:93} INFO - 12:25:50  Done. PASS=1 WARN=0 ERROR=0 SKIP=0 NO-OP=0 TOTAL=1
[2026-04-30T12:25:51.133+0000] {subprocess.py:97} INFO - Command exited with return code 0
[2026-04-30T12:25:51.134+0000] {taskinstance.py:441} INFO - ::group::Post task execution logs
[2026-04-30T12:25:51.169+0000] {taskinstance.py:1206} INFO - Marking task as SUCCESS. dag_id=sales_dwh_pipeline, task_id=dbt_gold.dbt_run_facts, run_id=manual__2026-04-30T12:24:14.517815+00:00, execution_date=20260430T122414, start_date=20260430T122537, end_date=20260430T122551
[2026-04-30T12:25:51.197+0000] {local_task_job_runner.py:240} INFO - Task exited with return code 0
[2026-04-30T12:25:51.228+0000] {taskinstance.py:3498} INFO - 1 downstream tasks scheduled from follow-on schedule check
[2026-04-30T12:25:51.230+0000] {local_task_job_runner.py:222} INFO - ::endgroup::
