[2026-04-30T12:25:20.465+0000] {local_task_job_runner.py:120} INFO - ::group::Pre task execution logs
[2026-04-30T12:25:20.499+0000] {taskinstance.py:2076} INFO - Dependencies all met for dep_context=non-requeueable deps ti=<TaskInstance: sales_dwh_pipeline.dbt_gold.dbt_run_dimensions manual__2026-04-30T12:24:14.517815+00:00 [queued]>
[2026-04-30T12:25:20.509+0000] {taskinstance.py:2076} INFO - Dependencies all met for dep_context=requeueable deps ti=<TaskInstance: sales_dwh_pipeline.dbt_gold.dbt_run_dimensions manual__2026-04-30T12:24:14.517815+00:00 [queued]>
[2026-04-30T12:25:20.510+0000] {taskinstance.py:2306} INFO - Starting attempt 1 of 2
[2026-04-30T12:25:20.523+0000] {taskinstance.py:2330} INFO - Executing <Task(BashOperator): dbt_gold.dbt_run_dimensions> on 2026-04-30 12:24:14.517815+00:00
[2026-04-30T12:25:20.532+0000] {logging_mixin.py:188} WARNING - /home/***/.local/lib/python3.12/site-packages/***/task/task_runner/standard_task_runner.py:61 DeprecationWarning: This process (pid=333) is multi-threaded, use of fork() may lead to deadlocks in the child.
[2026-04-30T12:25:20.534+0000] {standard_task_runner.py:63} INFO - Started process 334 to run task
[2026-04-30T12:25:20.532+0000] {standard_task_runner.py:90} INFO - Running: ['***', 'tasks', 'run', 'sales_dwh_pipeline', 'dbt_gold.dbt_run_dimensions', 'manual__2026-04-30T12:24:14.517815+00:00', '--job-id', '49', '--raw', '--subdir', 'DAGS_FOLDER/sales_dwh_pipeline.py', '--cfg-path', '/tmp/tmp5ckxotie']
[2026-04-30T12:25:20.534+0000] {standard_task_runner.py:91} INFO - Job 49: Subtask dbt_gold.dbt_run_dimensions
[2026-04-30T12:25:20.607+0000] {task_command.py:426} INFO - Running <TaskInstance: sales_dwh_pipeline.dbt_gold.dbt_run_dimensions manual__2026-04-30T12:24:14.517815+00:00 [running]> on host eead328d0d46
[2026-04-30T12:25:20.696+0000] {taskinstance.py:2648} INFO - Exporting env vars: AIRFLOW_CTX_DAG_OWNER='data-team' AIRFLOW_CTX_DAG_ID='sales_dwh_pipeline' AIRFLOW_CTX_TASK_ID='dbt_gold.dbt_run_dimensions' AIRFLOW_CTX_EXECUTION_DATE='2026-04-30T12:24:14.517815+00:00' AIRFLOW_CTX_TRY_NUMBER='1' AIRFLOW_CTX_DAG_RUN_ID='manual__2026-04-30T12:24:14.517815+00:00'
[2026-04-30T12:25:20.697+0000] {taskinstance.py:430} INFO - ::endgroup::
[2026-04-30T12:25:20.711+0000] {subprocess.py:63} INFO - Tmp dir root location: /tmp
[2026-04-30T12:25:20.713+0000] {subprocess.py:75} INFO - Running command: ['/usr/bin/bash', '-c', 'dbt run --project-dir /opt/***/dbt/sales_dwh --profiles-dir /opt/***/dbt/profiles --no-use-colors --select marts.gold.dim_customers marts.gold.dim_products']
[2026-04-30T12:25:20.726+0000] {subprocess.py:86} INFO - Output:
[2026-04-30T12:25:22.945+0000] {subprocess.py:93} INFO - 12:25:22  Running with dbt=1.11.8
[2026-04-30T12:25:23.972+0000] {subprocess.py:93} INFO - 12:25:23  Registered adapter: snowflake=1.8.4
[2026-04-30T12:25:25.313+0000] {subprocess.py:93} INFO - 12:25:25  Found 9 models, 5 data tests, 6 sources, 617 macros
[2026-04-30T12:25:25.317+0000] {subprocess.py:93} INFO - 12:25:25
[2026-04-30T12:25:25.319+0000] {subprocess.py:93} INFO - 12:25:25  Concurrency: 4 threads (target='dev')
[2026-04-30T12:25:25.320+0000] {subprocess.py:93} INFO - 12:25:25
[2026-04-30T12:25:30.673+0000] {subprocess.py:93} INFO - 12:25:30  1 of 2 START sql table model Gold.dim_customers ................................ [RUN]
[2026-04-30T12:25:30.674+0000] {subprocess.py:93} INFO - 12:25:30  2 of 2 START sql table model Gold.dim_products ................................. [RUN]
[2026-04-30T12:25:35.117+0000] {subprocess.py:93} INFO - 12:25:35  2 of 2 OK created sql table model Gold.dim_products ............................ [SUCCESS 1 in 4.44s]
[2026-04-30T12:25:35.292+0000] {subprocess.py:93} INFO - 12:25:35  1 of 2 OK created sql table model Gold.dim_customers ........................... [SUCCESS 1 in 4.61s]
[2026-04-30T12:25:35.302+0000] {subprocess.py:93} INFO - 12:25:35
[2026-04-30T12:25:35.303+0000] {subprocess.py:93} INFO - 12:25:35  Finished running 2 table models in 0 hours 0 minutes and 9.98 seconds (9.98s).
[2026-04-30T12:25:35.481+0000] {subprocess.py:93} INFO - 12:25:35
[2026-04-30T12:25:35.482+0000] {subprocess.py:93} INFO - 12:25:35  Completed successfully
[2026-04-30T12:25:35.483+0000] {subprocess.py:93} INFO - 12:25:35
[2026-04-30T12:25:35.484+0000] {subprocess.py:93} INFO - 12:25:35  Done. PASS=2 WARN=0 ERROR=0 SKIP=0 NO-OP=0 TOTAL=2
[2026-04-30T12:25:36.618+0000] {subprocess.py:97} INFO - Command exited with return code 0
[2026-04-30T12:25:36.619+0000] {taskinstance.py:441} INFO - ::group::Post task execution logs
[2026-04-30T12:25:36.649+0000] {taskinstance.py:1206} INFO - Marking task as SUCCESS. dag_id=sales_dwh_pipeline, task_id=dbt_gold.dbt_run_dimensions, run_id=manual__2026-04-30T12:24:14.517815+00:00, execution_date=20260430T122414, start_date=20260430T122520, end_date=20260430T122536
[2026-04-30T12:25:36.695+0000] {local_task_job_runner.py:240} INFO - Task exited with return code 0
[2026-04-30T12:25:36.722+0000] {taskinstance.py:3498} INFO - 1 downstream tasks scheduled from follow-on schedule check
[2026-04-30T12:25:36.725+0000] {local_task_job_runner.py:222} INFO - ::endgroup::
