[2026-04-30T11:28:26.115+0000] {local_task_job_runner.py:120} INFO - ::group::Pre task execution logs
[2026-04-30T11:28:26.174+0000] {taskinstance.py:2076} INFO - Dependencies all met for dep_context=non-requeueable deps ti=<TaskInstance: sales_dwh_pipeline.dbt_gold.dbt_run_dimensions manual__2026-04-30T11:27:21.309821+00:00 [queued]>
[2026-04-30T11:28:26.191+0000] {taskinstance.py:2076} INFO - Dependencies all met for dep_context=requeueable deps ti=<TaskInstance: sales_dwh_pipeline.dbt_gold.dbt_run_dimensions manual__2026-04-30T11:27:21.309821+00:00 [queued]>
[2026-04-30T11:28:26.192+0000] {taskinstance.py:2306} INFO - Starting attempt 1 of 2
[2026-04-30T11:28:26.219+0000] {taskinstance.py:2330} INFO - Executing <Task(BashOperator): dbt_gold.dbt_run_dimensions> on 2026-04-30 11:27:21.309821+00:00
[2026-04-30T11:28:26.234+0000] {logging_mixin.py:188} WARNING - /home/***/.local/lib/python3.12/site-packages/***/task/task_runner/standard_task_runner.py:61 DeprecationWarning: This process (pid=294) is multi-threaded, use of fork() may lead to deadlocks in the child.
[2026-04-30T11:28:26.234+0000] {standard_task_runner.py:90} INFO - Running: ['***', 'tasks', 'run', 'sales_dwh_pipeline', 'dbt_gold.dbt_run_dimensions', 'manual__2026-04-30T11:27:21.309821+00:00', '--job-id', '11', '--raw', '--subdir', 'DAGS_FOLDER/sales_dwh_pipeline.py', '--cfg-path', '/tmp/tmphg5k2x5x']
[2026-04-30T11:28:26.237+0000] {standard_task_runner.py:63} INFO - Started process 295 to run task
[2026-04-30T11:28:26.238+0000] {standard_task_runner.py:91} INFO - Job 11: Subtask dbt_gold.dbt_run_dimensions
[2026-04-30T11:28:26.366+0000] {task_command.py:426} INFO - Running <TaskInstance: sales_dwh_pipeline.dbt_gold.dbt_run_dimensions manual__2026-04-30T11:27:21.309821+00:00 [running]> on host b479807686c0
[2026-04-30T11:28:26.538+0000] {taskinstance.py:2648} INFO - Exporting env vars: AIRFLOW_CTX_DAG_OWNER='data-team' AIRFLOW_CTX_DAG_ID='sales_dwh_pipeline' AIRFLOW_CTX_TASK_ID='dbt_gold.dbt_run_dimensions' AIRFLOW_CTX_EXECUTION_DATE='2026-04-30T11:27:21.309821+00:00' AIRFLOW_CTX_TRY_NUMBER='1' AIRFLOW_CTX_DAG_RUN_ID='manual__2026-04-30T11:27:21.309821+00:00'
[2026-04-30T11:28:26.539+0000] {taskinstance.py:430} INFO - ::endgroup::
[2026-04-30T11:28:26.573+0000] {subprocess.py:63} INFO - Tmp dir root location: /tmp
[2026-04-30T11:28:26.575+0000] {subprocess.py:75} INFO - Running command: ['/usr/bin/bash', '-c', 'dbt run --project-dir /opt/***/dbt/sales_dwh --profiles-dir /opt/***/dbt/profiles --no-use-colors --select marts.gold.dim_customers marts.gold.dim_products']
[2026-04-30T11:28:26.598+0000] {subprocess.py:86} INFO - Output:
[2026-04-30T11:28:31.254+0000] {subprocess.py:93} INFO - 11:28:31  Running with dbt=1.11.8
[2026-04-30T11:28:33.333+0000] {subprocess.py:93} INFO - 11:28:33  Registered adapter: snowflake=1.8.4
[2026-04-30T11:28:35.539+0000] {subprocess.py:93} INFO - 11:28:35  Found 9 models, 5 data tests, 6 sources, 617 macros
[2026-04-30T11:28:35.547+0000] {subprocess.py:93} INFO - 11:28:35
[2026-04-30T11:28:35.549+0000] {subprocess.py:93} INFO - 11:28:35  Concurrency: 4 threads (target='dev')
[2026-04-30T11:28:35.551+0000] {subprocess.py:93} INFO - 11:28:35
[2026-04-30T11:28:41.284+0000] {subprocess.py:93} INFO - 11:28:41  1 of 2 START sql table model Gold.dim_customers ................................ [RUN]
[2026-04-30T11:28:41.285+0000] {subprocess.py:93} INFO - 11:28:41  2 of 2 START sql table model Gold.dim_products ................................. [RUN]
[2026-04-30T11:28:46.790+0000] {subprocess.py:93} INFO - 11:28:46  2 of 2 OK created sql table model Gold.dim_products ............................ [SUCCESS 1 in 5.49s]
[2026-04-30T11:28:49.077+0000] {subprocess.py:93} INFO - 11:28:49  1 of 2 OK created sql table model Gold.dim_customers ........................... [SUCCESS 1 in 7.79s]
[2026-04-30T11:28:49.092+0000] {subprocess.py:93} INFO - 11:28:49
[2026-04-30T11:28:49.093+0000] {subprocess.py:93} INFO - 11:28:49  Finished running 2 table models in 0 hours 0 minutes and 13.54 seconds (13.54s).
[2026-04-30T11:28:49.379+0000] {subprocess.py:93} INFO - 11:28:49
[2026-04-30T11:28:49.381+0000] {subprocess.py:93} INFO - 11:28:49  Completed successfully
[2026-04-30T11:28:49.383+0000] {subprocess.py:93} INFO - 11:28:49
[2026-04-30T11:28:49.385+0000] {subprocess.py:93} INFO - 11:28:49  Done. PASS=2 WARN=0 ERROR=0 SKIP=0 NO-OP=0 TOTAL=2
[2026-04-30T11:28:50.947+0000] {subprocess.py:97} INFO - Command exited with return code 0
[2026-04-30T11:28:50.949+0000] {taskinstance.py:441} INFO - ::group::Post task execution logs
[2026-04-30T11:28:50.997+0000] {taskinstance.py:1206} INFO - Marking task as SUCCESS. dag_id=sales_dwh_pipeline, task_id=dbt_gold.dbt_run_dimensions, run_id=manual__2026-04-30T11:27:21.309821+00:00, execution_date=20260430T112721, start_date=20260430T112826, end_date=20260430T112850
[2026-04-30T11:28:51.482+0000] {local_task_job_runner.py:240} INFO - Task exited with return code 0
[2026-04-30T11:28:51.520+0000] {taskinstance.py:3498} INFO - 0 downstream tasks scheduled from follow-on schedule check
[2026-04-30T11:28:51.523+0000] {local_task_job_runner.py:222} INFO - ::endgroup::
