[2026-04-30T12:01:41.080+0000] {local_task_job_runner.py:120} INFO - ::group::Pre task execution logs
[2026-04-30T12:01:41.115+0000] {taskinstance.py:2076} INFO - Dependencies all met for dep_context=non-requeueable deps ti=<TaskInstance: sales_dwh_pipeline.dbt_silver.dbt_run_silver manual__2026-04-30T12:00:47.796082+00:00 [queued]>
[2026-04-30T12:01:41.125+0000] {taskinstance.py:2076} INFO - Dependencies all met for dep_context=requeueable deps ti=<TaskInstance: sales_dwh_pipeline.dbt_silver.dbt_run_silver manual__2026-04-30T12:00:47.796082+00:00 [queued]>
[2026-04-30T12:01:41.126+0000] {taskinstance.py:2306} INFO - Starting attempt 1 of 2
[2026-04-30T12:01:41.141+0000] {taskinstance.py:2330} INFO - Executing <Task(BashOperator): dbt_silver.dbt_run_silver> on 2026-04-30 12:00:47.796082+00:00
[2026-04-30T12:01:41.151+0000] {logging_mixin.py:188} WARNING - /home/***/.local/lib/python3.12/site-packages/***/task/task_runner/standard_task_runner.py:61 DeprecationWarning: This process (pid=544) is multi-threaded, use of fork() may lead to deadlocks in the child.
[2026-04-30T12:01:41.152+0000] {standard_task_runner.py:63} INFO - Started process 545 to run task
[2026-04-30T12:01:41.151+0000] {standard_task_runner.py:90} INFO - Running: ['***', 'tasks', 'run', 'sales_dwh_pipeline', 'dbt_silver.dbt_run_silver', 'manual__2026-04-30T12:00:47.796082+00:00', '--job-id', '28', '--raw', '--subdir', 'DAGS_FOLDER/sales_dwh_pipeline.py', '--cfg-path', '/tmp/tmpm_td6y9e']
[2026-04-30T12:01:41.154+0000] {standard_task_runner.py:91} INFO - Job 28: Subtask dbt_silver.dbt_run_silver
[2026-04-30T12:01:41.225+0000] {task_command.py:426} INFO - Running <TaskInstance: sales_dwh_pipeline.dbt_silver.dbt_run_silver manual__2026-04-30T12:00:47.796082+00:00 [running]> on host d366443b1966
[2026-04-30T12:01:41.312+0000] {taskinstance.py:2648} INFO - Exporting env vars: AIRFLOW_CTX_DAG_OWNER='data-team' AIRFLOW_CTX_DAG_ID='sales_dwh_pipeline' AIRFLOW_CTX_TASK_ID='dbt_silver.dbt_run_silver' AIRFLOW_CTX_EXECUTION_DATE='2026-04-30T12:00:47.796082+00:00' AIRFLOW_CTX_TRY_NUMBER='1' AIRFLOW_CTX_DAG_RUN_ID='manual__2026-04-30T12:00:47.796082+00:00'
[2026-04-30T12:01:41.313+0000] {taskinstance.py:430} INFO - ::endgroup::
[2026-04-30T12:01:41.327+0000] {subprocess.py:63} INFO - Tmp dir root location: /tmp
[2026-04-30T12:01:41.329+0000] {subprocess.py:75} INFO - Running command: ['/usr/bin/bash', '-c', 'dbt run --project-dir /opt/***/dbt/sales_dwh --profiles-dir /opt/***/dbt/profiles --no-use-colors --select staging']
[2026-04-30T12:01:41.343+0000] {subprocess.py:86} INFO - Output:
[2026-04-30T12:01:43.523+0000] {subprocess.py:93} INFO - 12:01:43  Running with dbt=1.11.8
[2026-04-30T12:01:44.586+0000] {subprocess.py:93} INFO - 12:01:44  Registered adapter: snowflake=1.8.4
[2026-04-30T12:01:45.988+0000] {subprocess.py:93} INFO - 12:01:45  Found 9 models, 5 data tests, 6 sources, 617 macros
[2026-04-30T12:01:45.993+0000] {subprocess.py:93} INFO - 12:01:45
[2026-04-30T12:01:45.994+0000] {subprocess.py:93} INFO - 12:01:45  Concurrency: 4 threads (target='dev')
[2026-04-30T12:01:45.996+0000] {subprocess.py:93} INFO - 12:01:45
[2026-04-30T12:01:50.207+0000] {subprocess.py:93} INFO - 12:01:50  1 of 6 START sql view model Silver.stg_crm_customers ........................... [RUN]
[2026-04-30T12:01:50.208+0000] {subprocess.py:93} INFO - 12:01:50  2 of 6 START sql view model Silver.stg_crm_products ............................ [RUN]
[2026-04-30T12:01:50.209+0000] {subprocess.py:93} INFO - 12:01:50  3 of 6 START sql view model Silver.stg_crm_sales ............................... [RUN]
[2026-04-30T12:01:50.210+0000] {subprocess.py:93} INFO - 12:01:50  4 of 6 START sql view model Silver.stg_erp_categories .......................... [RUN]
[2026-04-30T12:01:52.940+0000] {subprocess.py:93} INFO - 12:01:52  3 of 6 OK created sql view model Silver.stg_crm_sales .......................... [SUCCESS 1 in 2.72s]
[2026-04-30T12:01:52.945+0000] {subprocess.py:93} INFO - 12:01:52  5 of 6 START sql view model Silver.stg_erp_customers ........................... [RUN]
[2026-04-30T12:01:53.293+0000] {subprocess.py:93} INFO - 12:01:53  4 of 6 OK created sql view model Silver.stg_erp_categories ..................... [SUCCESS 1 in 3.08s]
[2026-04-30T12:01:53.299+0000] {subprocess.py:93} INFO - 12:01:53  6 of 6 START sql view model Silver.stg_erp_locations ........................... [RUN]
[2026-04-30T12:01:53.600+0000] {subprocess.py:93} INFO - 12:01:53  2 of 6 OK created sql view model Silver.stg_crm_products ....................... [SUCCESS 1 in 3.39s]
[2026-04-30T12:01:55.507+0000] {subprocess.py:93} INFO - 12:01:55  5 of 6 OK created sql view model Silver.stg_erp_customers ...................... [SUCCESS 1 in 2.56s]
[2026-04-30T12:01:55.712+0000] {subprocess.py:93} INFO - 12:01:55  1 of 6 OK created sql view model Silver.stg_crm_customers ...................... [SUCCESS 1 in 5.50s]
[2026-04-30T12:01:56.377+0000] {subprocess.py:93} INFO - 12:01:56  6 of 6 OK created sql view model Silver.stg_erp_locations ...................... [SUCCESS 1 in 3.07s]
[2026-04-30T12:01:56.389+0000] {subprocess.py:93} INFO - 12:01:56
[2026-04-30T12:01:56.390+0000] {subprocess.py:93} INFO - 12:01:56  Finished running 6 view models in 0 hours 0 minutes and 10.39 seconds (10.39s).
[2026-04-30T12:01:56.496+0000] {subprocess.py:93} INFO - 12:01:56
[2026-04-30T12:01:56.498+0000] {subprocess.py:93} INFO - 12:01:56  Completed successfully
[2026-04-30T12:01:56.499+0000] {subprocess.py:93} INFO - 12:01:56
[2026-04-30T12:01:56.501+0000] {subprocess.py:93} INFO - 12:01:56  Done. PASS=6 WARN=0 ERROR=0 SKIP=0 NO-OP=0 TOTAL=6
[2026-04-30T12:01:58.262+0000] {subprocess.py:97} INFO - Command exited with return code 0
[2026-04-30T12:01:58.265+0000] {taskinstance.py:441} INFO - ::group::Post task execution logs
[2026-04-30T12:01:58.347+0000] {taskinstance.py:1206} INFO - Marking task as SUCCESS. dag_id=sales_dwh_pipeline, task_id=dbt_silver.dbt_run_silver, run_id=manual__2026-04-30T12:00:47.796082+00:00, execution_date=20260430T120047, start_date=20260430T120141, end_date=20260430T120158
[2026-04-30T12:01:58.403+0000] {local_task_job_runner.py:240} INFO - Task exited with return code 0
[2026-04-30T12:01:58.438+0000] {taskinstance.py:3498} INFO - 1 downstream tasks scheduled from follow-on schedule check
[2026-04-30T12:01:58.440+0000] {local_task_job_runner.py:222} INFO - ::endgroup::
