[2026-04-30T11:49:53.327+0000] {local_task_job_runner.py:120} INFO - ::group::Pre task execution logs
[2026-04-30T11:49:53.403+0000] {taskinstance.py:2076} INFO - Dependencies all met for dep_context=non-requeueable deps ti=<TaskInstance: sales_dwh_pipeline.dbt_silver.dbt_run_silver manual__2026-04-30T11:43:33.229852+00:00 [queued]>
[2026-04-30T11:49:53.421+0000] {taskinstance.py:2076} INFO - Dependencies all met for dep_context=requeueable deps ti=<TaskInstance: sales_dwh_pipeline.dbt_silver.dbt_run_silver manual__2026-04-30T11:43:33.229852+00:00 [queued]>
[2026-04-30T11:49:53.422+0000] {taskinstance.py:2306} INFO - Starting attempt 2 of 2
[2026-04-30T11:49:53.459+0000] {taskinstance.py:2330} INFO - Executing <Task(BashOperator): dbt_silver.dbt_run_silver> on 2026-04-30 11:43:33.229852+00:00
[2026-04-30T11:49:53.474+0000] {logging_mixin.py:188} WARNING - /home/***/.local/lib/python3.12/site-packages/***/task/task_runner/standard_task_runner.py:61 DeprecationWarning: This process (pid=442) is multi-threaded, use of fork() may lead to deadlocks in the child.
[2026-04-30T11:49:53.476+0000] {standard_task_runner.py:63} INFO - Started process 443 to run task
[2026-04-30T11:49:53.474+0000] {standard_task_runner.py:90} INFO - Running: ['***', 'tasks', 'run', 'sales_dwh_pipeline', 'dbt_silver.dbt_run_silver', 'manual__2026-04-30T11:43:33.229852+00:00', '--job-id', '21', '--raw', '--subdir', 'DAGS_FOLDER/sales_dwh_pipeline.py', '--cfg-path', '/tmp/tmpr27lpt9z']
[2026-04-30T11:49:53.478+0000] {standard_task_runner.py:91} INFO - Job 21: Subtask dbt_silver.dbt_run_silver
[2026-04-30T11:49:53.591+0000] {task_command.py:426} INFO - Running <TaskInstance: sales_dwh_pipeline.dbt_silver.dbt_run_silver manual__2026-04-30T11:43:33.229852+00:00 [running]> on host a4a2343379ce
[2026-04-30T11:49:53.745+0000] {taskinstance.py:2648} INFO - Exporting env vars: AIRFLOW_CTX_DAG_OWNER='data-team' AIRFLOW_CTX_DAG_ID='sales_dwh_pipeline' AIRFLOW_CTX_TASK_ID='dbt_silver.dbt_run_silver' AIRFLOW_CTX_EXECUTION_DATE='2026-04-30T11:43:33.229852+00:00' AIRFLOW_CTX_TRY_NUMBER='2' AIRFLOW_CTX_DAG_RUN_ID='manual__2026-04-30T11:43:33.229852+00:00'
[2026-04-30T11:49:53.747+0000] {taskinstance.py:430} INFO - ::endgroup::
[2026-04-30T11:49:53.785+0000] {subprocess.py:63} INFO - Tmp dir root location: /tmp
[2026-04-30T11:49:53.788+0000] {subprocess.py:75} INFO - Running command: ['/usr/bin/bash', '-c', 'dbt run --project-dir /opt/***/dbt/sales_dwh --profiles-dir /opt/***/dbt/profiles --no-use-colors --select staging']
[2026-04-30T11:49:53.810+0000] {subprocess.py:86} INFO - Output:
[2026-04-30T11:49:58.196+0000] {subprocess.py:93} INFO - 11:49:58  Running with dbt=1.11.8
[2026-04-30T11:50:00.372+0000] {subprocess.py:93} INFO - 11:50:00  Registered adapter: snowflake=1.8.4
[2026-04-30T11:50:00.990+0000] {subprocess.py:93} INFO - 11:50:00  Found 9 models, 5 data tests, 6 sources, 617 macros
[2026-04-30T11:50:00.997+0000] {subprocess.py:93} INFO - 11:50:00
[2026-04-30T11:50:00.999+0000] {subprocess.py:93} INFO - 11:50:00  Concurrency: 4 threads (target='dev')
[2026-04-30T11:50:01.001+0000] {subprocess.py:93} INFO - 11:50:01
[2026-04-30T11:50:06.554+0000] {subprocess.py:93} INFO - 11:50:06  1 of 6 START sql view model Silver.stg_crm_customers ........................... [RUN]
[2026-04-30T11:50:06.556+0000] {subprocess.py:93} INFO - 11:50:06  2 of 6 START sql view model Silver.stg_crm_products ............................ [RUN]
[2026-04-30T11:50:06.558+0000] {subprocess.py:93} INFO - 11:50:06  3 of 6 START sql view model Silver.stg_crm_sales ............................... [RUN]
[2026-04-30T11:50:06.560+0000] {subprocess.py:93} INFO - 11:50:06  4 of 6 START sql view model Silver.stg_erp_categories .......................... [RUN]
[2026-04-30T11:50:08.369+0000] {local_task_job_runner.py:124} ERROR - Received SIGTERM. Terminating subprocesses
[2026-04-30T11:50:08.384+0000] {process_utils.py:132} INFO - Sending 15 to group 443. PIDs of all processes in the group: [444, 468, 443]
[2026-04-30T11:50:08.394+0000] {process_utils.py:87} INFO - Sending the signal 15 to group 443
[2026-04-30T11:50:08.396+0000] {taskinstance.py:2611} ERROR - Received SIGTERM. Terminating subprocesses.
[2026-04-30T11:50:08.397+0000] {subprocess.py:104} INFO - Sending SIGTERM signal to process group
[2026-04-30T11:50:08.399+0000] {taskinstance.py:441} INFO - ::group::Post task execution logs
[2026-04-30T11:50:08.424+0000] {taskinstance.py:2905} ERROR - Task failed with exception
Traceback (most recent call last):
  File "/home/airflow/.local/lib/python3.12/site-packages/airflow/models/taskinstance.py", line 465, in _execute_task
    result = _execute_callable(context=context, **execute_callable_kwargs)
             ^^^^^^^^^^^^^^^^^^^^^^^^^^^^^^^^^^^^^^^^^^^^^^^^^^^^^^^^^^^^^
  File "/home/airflow/.local/lib/python3.12/site-packages/airflow/models/taskinstance.py", line 432, in _execute_callable
    return execute_callable(context=context, **execute_callable_kwargs)
           ^^^^^^^^^^^^^^^^^^^^^^^^^^^^^^^^^^^^^^^^^^^^^^^^^^^^^^^^^^^^
  File "/home/airflow/.local/lib/python3.12/site-packages/airflow/models/baseoperator.py", line 400, in wrapper
    return func(self, *args, **kwargs)
           ^^^^^^^^^^^^^^^^^^^^^^^^^^^
  File "/home/airflow/.local/lib/python3.12/site-packages/airflow/operators/bash.py", line 234, in execute
    result = self.subprocess_hook.run_command(
             ^^^^^^^^^^^^^^^^^^^^^^^^^^^^^^^^^
  File "/home/airflow/.local/lib/python3.12/site-packages/airflow/hooks/subprocess.py", line 91, in run_command
    for raw_line in iter(self.sub_process.stdout.readline, b""):
  File "/home/airflow/.local/lib/python3.12/site-packages/airflow/models/taskinstance.py", line 2613, in signal_handler
    raise AirflowTaskTerminated("Task received SIGTERM signal")
airflow.exceptions.AirflowTaskTerminated: Task received SIGTERM signal
[2026-04-30T11:50:08.437+0000] {taskinstance.py:1206} INFO - Marking task as FAILED. dag_id=sales_dwh_pipeline, task_id=dbt_silver.dbt_run_silver, run_id=manual__2026-04-30T11:43:33.229852+00:00, execution_date=20260430T114333, start_date=20260430T114953, end_date=20260430T115008
[2026-04-30T11:50:08.494+0000] {process_utils.py:80} INFO - Process psutil.Process(pid=443, status='terminated', exitcode=2, started='11:49:52') (443) terminated with exit code 2
[2026-04-30T11:50:08.496+0000] {process_utils.py:80} INFO - Process psutil.Process(pid=444, status='terminated', started='11:49:53') (444) terminated with exit code None
[2026-04-30T11:50:08.508+0000] {process_utils.py:80} INFO - Process psutil.Process(pid=468, status='terminated', started='11:49:59') (468) terminated with exit code None
[2026-04-30T11:50:08.509+0000] {local_task_job_runner.py:240} INFO - Task exited with return code 143
[2026-04-30T11:50:08.554+0000] {taskinstance.py:3498} INFO - 0 downstream tasks scheduled from follow-on schedule check
[2026-04-30T11:50:08.582+0000] {local_task_job_runner.py:222} INFO - ::endgroup::
