[2026-04-30T12:01:59.490+0000] {local_task_job_runner.py:120} INFO - ::group::Pre task execution logs
[2026-04-30T12:01:59.535+0000] {taskinstance.py:2076} INFO - Dependencies all met for dep_context=non-requeueable deps ti=<TaskInstance: sales_dwh_pipeline.dbt_gold.dbt_run_dimensions manual__2026-04-30T12:00:47.796082+00:00 [queued]>
[2026-04-30T12:01:59.547+0000] {taskinstance.py:2076} INFO - Dependencies all met for dep_context=requeueable deps ti=<TaskInstance: sales_dwh_pipeline.dbt_gold.dbt_run_dimensions manual__2026-04-30T12:00:47.796082+00:00 [queued]>
[2026-04-30T12:01:59.548+0000] {taskinstance.py:2306} INFO - Starting attempt 1 of 2
[2026-04-30T12:01:59.570+0000] {taskinstance.py:2330} INFO - Executing <Task(BashOperator): dbt_gold.dbt_run_dimensions> on 2026-04-30 12:00:47.796082+00:00
[2026-04-30T12:01:59.581+0000] {logging_mixin.py:188} WARNING - /home/***/.local/lib/python3.12/site-packages/***/task/task_runner/standard_task_runner.py:61 DeprecationWarning: This process (pid=586) is multi-threaded, use of fork() may lead to deadlocks in the child.
[2026-04-30T12:01:59.581+0000] {standard_task_runner.py:90} INFO - Running: ['***', 'tasks', 'run', 'sales_dwh_pipeline', 'dbt_gold.dbt_run_dimensions', 'manual__2026-04-30T12:00:47.796082+00:00', '--job-id', '29', '--raw', '--subdir', 'DAGS_FOLDER/sales_dwh_pipeline.py', '--cfg-path', '/tmp/tmptmlryabx']
[2026-04-30T12:01:59.583+0000] {standard_task_runner.py:63} INFO - Started process 587 to run task
[2026-04-30T12:01:59.584+0000] {standard_task_runner.py:91} INFO - Job 29: Subtask dbt_gold.dbt_run_dimensions
[2026-04-30T12:01:59.665+0000] {task_command.py:426} INFO - Running <TaskInstance: sales_dwh_pipeline.dbt_gold.dbt_run_dimensions manual__2026-04-30T12:00:47.796082+00:00 [running]> on host d366443b1966
[2026-04-30T12:01:59.761+0000] {taskinstance.py:2648} INFO - Exporting env vars: AIRFLOW_CTX_DAG_OWNER='data-team' AIRFLOW_CTX_DAG_ID='sales_dwh_pipeline' AIRFLOW_CTX_TASK_ID='dbt_gold.dbt_run_dimensions' AIRFLOW_CTX_EXECUTION_DATE='2026-04-30T12:00:47.796082+00:00' AIRFLOW_CTX_TRY_NUMBER='1' AIRFLOW_CTX_DAG_RUN_ID='manual__2026-04-30T12:00:47.796082+00:00'
[2026-04-30T12:01:59.762+0000] {taskinstance.py:430} INFO - ::endgroup::
[2026-04-30T12:01:59.777+0000] {subprocess.py:63} INFO - Tmp dir root location: /tmp
[2026-04-30T12:01:59.780+0000] {subprocess.py:75} INFO - Running command: ['/usr/bin/bash', '-c', 'dbt run --project-dir /opt/***/dbt/sales_dwh --profiles-dir /opt/***/dbt/profiles --no-use-colors --select marts.gold.dim_customers marts.gold.dim_products']
[2026-04-30T12:01:59.794+0000] {subprocess.py:86} INFO - Output:
[2026-04-30T12:02:02.136+0000] {subprocess.py:93} INFO - 12:02:02  Running with dbt=1.11.8
[2026-04-30T12:02:03.236+0000] {subprocess.py:93} INFO - 12:02:03  Registered adapter: snowflake=1.8.4
[2026-04-30T12:02:04.550+0000] {subprocess.py:93} INFO - 12:02:04  Found 9 models, 5 data tests, 6 sources, 617 macros
[2026-04-30T12:02:04.555+0000] {subprocess.py:93} INFO - 12:02:04
[2026-04-30T12:02:04.556+0000] {subprocess.py:93} INFO - 12:02:04  Concurrency: 4 threads (target='dev')
[2026-04-30T12:02:04.558+0000] {subprocess.py:93} INFO - 12:02:04
[2026-04-30T12:02:09.483+0000] {subprocess.py:93} INFO - 12:02:09  1 of 2 START sql table model Gold.dim_customers ................................ [RUN]
[2026-04-30T12:02:09.485+0000] {subprocess.py:93} INFO - 12:02:09  2 of 2 START sql table model Gold.dim_products ................................. [RUN]
[2026-04-30T12:02:13.035+0000] {subprocess.py:93} INFO - 12:02:13  2 of 2 OK created sql table model Gold.dim_products ............................ [SUCCESS 1 in 3.54s]
[2026-04-30T12:02:13.397+0000] {subprocess.py:93} INFO - 12:02:13  1 of 2 OK created sql table model Gold.dim_customers ........................... [SUCCESS 1 in 3.91s]
[2026-04-30T12:02:13.407+0000] {subprocess.py:93} INFO - 12:02:13
[2026-04-30T12:02:13.409+0000] {subprocess.py:93} INFO - 12:02:13  Finished running 2 table models in 0 hours 0 minutes and 8.85 seconds (8.85s).
[2026-04-30T12:02:13.635+0000] {subprocess.py:93} INFO - 12:02:13
[2026-04-30T12:02:13.638+0000] {subprocess.py:93} INFO - 12:02:13  Completed successfully
[2026-04-30T12:02:13.639+0000] {subprocess.py:93} INFO - 12:02:13
[2026-04-30T12:02:13.641+0000] {subprocess.py:93} INFO - 12:02:13  Done. PASS=2 WARN=0 ERROR=0 SKIP=0 NO-OP=0 TOTAL=2
[2026-04-30T12:02:13.210+0000] {subprocess.py:97} INFO - Command exited with return code 0
[2026-04-30T12:02:13.212+0000] {taskinstance.py:441} INFO - ::group::Post task execution logs
[2026-04-30T12:02:13.271+0000] {taskinstance.py:1206} INFO - Marking task as SUCCESS. dag_id=sales_dwh_pipeline, task_id=dbt_gold.dbt_run_dimensions, run_id=manual__2026-04-30T12:00:47.796082+00:00, execution_date=20260430T120047, start_date=20260430T120159, end_date=20260430T120213
[2026-04-30T12:02:13.331+0000] {local_task_job_runner.py:240} INFO - Task exited with return code 0
[2026-04-30T12:02:13.364+0000] {taskinstance.py:3498} INFO - 1 downstream tasks scheduled from follow-on schedule check
[2026-04-30T12:02:13.367+0000] {local_task_job_runner.py:222} INFO - ::endgroup::
