[2026-04-30T11:49:51.047+0000] {local_task_job_runner.py:120} INFO - ::group::Pre task execution logs
[2026-04-30T11:49:51.106+0000] {taskinstance.py:2076} INFO - Dependencies all met for dep_context=non-requeueable deps ti=<TaskInstance: sales_dwh_pipeline.bronze.load_bronze manual__2026-04-30T11:43:33.229852+00:00 [queued]>
[2026-04-30T11:49:51.120+0000] {taskinstance.py:2076} INFO - Dependencies all met for dep_context=requeueable deps ti=<TaskInstance: sales_dwh_pipeline.bronze.load_bronze manual__2026-04-30T11:43:33.229852+00:00 [queued]>
[2026-04-30T11:49:51.121+0000] {taskinstance.py:2306} INFO - Starting attempt 2 of 2
[2026-04-30T11:49:51.143+0000] {taskinstance.py:2330} INFO - Executing <Task(BashOperator): bronze.load_bronze> on 2026-04-30 11:43:33.229852+00:00
[2026-04-30T11:49:51.159+0000] {logging_mixin.py:188} WARNING - /home/***/.local/lib/python3.12/site-packages/***/task/task_runner/standard_task_runner.py:61 DeprecationWarning: This process (pid=439) is multi-threaded, use of fork() may lead to deadlocks in the child.
[2026-04-30T11:49:51.158+0000] {standard_task_runner.py:90} INFO - Running: ['***', 'tasks', 'run', 'sales_dwh_pipeline', 'bronze.load_bronze', 'manual__2026-04-30T11:43:33.229852+00:00', '--job-id', '20', '--raw', '--subdir', 'DAGS_FOLDER/sales_dwh_pipeline.py', '--cfg-path', '/tmp/tmpp_p_xo4u']
[2026-04-30T11:49:51.162+0000] {standard_task_runner.py:63} INFO - Started process 440 to run task
[2026-04-30T11:49:51.163+0000] {standard_task_runner.py:91} INFO - Job 20: Subtask bronze.load_bronze
[2026-04-30T11:49:51.281+0000] {task_command.py:426} INFO - Running <TaskInstance: sales_dwh_pipeline.bronze.load_bronze manual__2026-04-30T11:43:33.229852+00:00 [running]> on host a4a2343379ce
[2026-04-30T11:49:51.421+0000] {taskinstance.py:2648} INFO - Exporting env vars: AIRFLOW_CTX_DAG_OWNER='data-team' AIRFLOW_CTX_DAG_ID='sales_dwh_pipeline' AIRFLOW_CTX_TASK_ID='bronze.load_bronze' AIRFLOW_CTX_EXECUTION_DATE='2026-04-30T11:43:33.229852+00:00' AIRFLOW_CTX_TRY_NUMBER='2' AIRFLOW_CTX_DAG_RUN_ID='manual__2026-04-30T11:43:33.229852+00:00'
[2026-04-30T11:49:51.423+0000] {taskinstance.py:430} INFO - ::endgroup::
[2026-04-30T11:49:51.449+0000] {subprocess.py:63} INFO - Tmp dir root location: /tmp
[2026-04-30T11:49:51.453+0000] {subprocess.py:75} INFO - Running command: ['/usr/bin/bash', '-c', 'python /opt/***/scripts/bronze_loader.py --csv-dir /opt/***/data']
[2026-04-30T11:49:51.482+0000] {subprocess.py:86} INFO - Output:
[2026-04-30T11:49:51.622+0000] {subprocess.py:93} INFO - python: can't open file '/opt/***/scripts/bronze_loader.py': [Errno 2] No such file or directory
[2026-04-30T11:49:51.631+0000] {subprocess.py:97} INFO - Command exited with return code 2
[2026-04-30T11:49:51.632+0000] {taskinstance.py:441} INFO - ::group::Post task execution logs
[2026-04-30T11:49:51.653+0000] {taskinstance.py:2905} ERROR - Task failed with exception
Traceback (most recent call last):
  File "/home/airflow/.local/lib/python3.12/site-packages/airflow/models/taskinstance.py", line 465, in _execute_task
    result = _execute_callable(context=context, **execute_callable_kwargs)
             ^^^^^^^^^^^^^^^^^^^^^^^^^^^^^^^^^^^^^^^^^^^^^^^^^^^^^^^^^^^^^
  File "/home/airflow/.local/lib/python3.12/site-packages/airflow/models/taskinstance.py", line 432, in _execute_callable
    return execute_callable(context=context, **execute_callable_kwargs)
           ^^^^^^^^^^^^^^^^^^^^^^^^^^^^^^^^^^^^^^^^^^^^^^^^^^^^^^^^^^^^
  File "/home/airflow/.local/lib/python3.12/site-packages/airflow/models/baseoperator.py", line 400, in wrapper
    return func(self, *args, **kwargs)
           ^^^^^^^^^^^^^^^^^^^^^^^^^^^
  File "/home/airflow/.local/lib/python3.12/site-packages/airflow/operators/bash.py", line 243, in execute
    raise AirflowException(
airflow.exceptions.AirflowException: Bash command failed. The command returned a non-zero exit code 2.
[2026-04-30T11:49:51.661+0000] {taskinstance.py:1206} INFO - Marking task as FAILED. dag_id=sales_dwh_pipeline, task_id=bronze.load_bronze, run_id=manual__2026-04-30T11:43:33.229852+00:00, execution_date=20260430T114333, start_date=20260430T114951, end_date=20260430T114951
[2026-04-30T11:49:51.683+0000] {standard_task_runner.py:110} ERROR - Failed to execute job 20 for task bronze.load_bronze (Bash command failed. The command returned a non-zero exit code 2.; 440)
[2026-04-30T11:49:51.730+0000] {local_task_job_runner.py:240} INFO - Task exited with return code 1
[2026-04-30T11:49:51.781+0000] {taskinstance.py:3498} INFO - 0 downstream tasks scheduled from follow-on schedule check
[2026-04-30T11:49:51.791+0000] {local_task_job_runner.py:222} INFO - ::endgroup::
