[2026-04-30T12:25:05.052+0000] {local_task_job_runner.py:120} INFO - ::group::Pre task execution logs
[2026-04-30T12:25:05.095+0000] {taskinstance.py:2076} INFO - Dependencies all met for dep_context=non-requeueable deps ti=<TaskInstance: sales_dwh_pipeline.dbt_silver.dbt_run_silver manual__2026-04-30T12:24:14.517815+00:00 [queued]>
[2026-04-30T12:25:05.106+0000] {taskinstance.py:2076} INFO - Dependencies all met for dep_context=requeueable deps ti=<TaskInstance: sales_dwh_pipeline.dbt_silver.dbt_run_silver manual__2026-04-30T12:24:14.517815+00:00 [queued]>
[2026-04-30T12:25:05.107+0000] {taskinstance.py:2306} INFO - Starting attempt 1 of 2
[2026-04-30T12:25:05.123+0000] {taskinstance.py:2330} INFO - Executing <Task(BashOperator): dbt_silver.dbt_run_silver> on 2026-04-30 12:24:14.517815+00:00
[2026-04-30T12:25:05.137+0000] {logging_mixin.py:188} WARNING - /home/***/.local/lib/python3.12/site-packages/***/task/task_runner/standard_task_runner.py:61 DeprecationWarning: This process (pid=274) is multi-threaded, use of fork() may lead to deadlocks in the child.
[2026-04-30T12:25:05.136+0000] {standard_task_runner.py:90} INFO - Running: ['***', 'tasks', 'run', 'sales_dwh_pipeline', 'dbt_silver.dbt_run_silver', 'manual__2026-04-30T12:24:14.517815+00:00', '--job-id', '48', '--raw', '--subdir', 'DAGS_FOLDER/sales_dwh_pipeline.py', '--cfg-path', '/tmp/tmp8ryfcgpw']
[2026-04-30T12:25:05.139+0000] {standard_task_runner.py:91} INFO - Job 48: Subtask dbt_silver.dbt_run_silver
[2026-04-30T12:25:05.138+0000] {standard_task_runner.py:63} INFO - Started process 275 to run task
[2026-04-30T12:25:05.221+0000] {task_command.py:426} INFO - Running <TaskInstance: sales_dwh_pipeline.dbt_silver.dbt_run_silver manual__2026-04-30T12:24:14.517815+00:00 [running]> on host eead328d0d46
[2026-04-30T12:25:05.321+0000] {taskinstance.py:2648} INFO - Exporting env vars: AIRFLOW_CTX_DAG_OWNER='data-team' AIRFLOW_CTX_DAG_ID='sales_dwh_pipeline' AIRFLOW_CTX_TASK_ID='dbt_silver.dbt_run_silver' AIRFLOW_CTX_EXECUTION_DATE='2026-04-30T12:24:14.517815+00:00' AIRFLOW_CTX_TRY_NUMBER='1' AIRFLOW_CTX_DAG_RUN_ID='manual__2026-04-30T12:24:14.517815+00:00'
[2026-04-30T12:25:05.322+0000] {taskinstance.py:430} INFO - ::endgroup::
[2026-04-30T12:25:05.338+0000] {subprocess.py:63} INFO - Tmp dir root location: /tmp
[2026-04-30T12:25:05.341+0000] {subprocess.py:75} INFO - Running command: ['/usr/bin/bash', '-c', 'dbt run --project-dir /opt/***/dbt/sales_dwh --profiles-dir /opt/***/dbt/profiles --no-use-colors --select staging']
[2026-04-30T12:25:05.356+0000] {subprocess.py:86} INFO - Output:
[2026-04-30T12:25:07.525+0000] {subprocess.py:93} INFO - 12:25:07  Running with dbt=1.11.8
[2026-04-30T12:25:08.561+0000] {subprocess.py:93} INFO - 12:25:08  Registered adapter: snowflake=1.8.4
[2026-04-30T12:25:10.227+0000] {subprocess.py:93} INFO - 12:25:10  Found 9 models, 5 data tests, 6 sources, 617 macros
[2026-04-30T12:25:10.231+0000] {subprocess.py:93} INFO - 12:25:10
[2026-04-30T12:25:10.233+0000] {subprocess.py:93} INFO - 12:25:10  Concurrency: 4 threads (target='dev')
[2026-04-30T12:25:10.234+0000] {subprocess.py:93} INFO - 12:25:10
[2026-04-30T12:25:14.991+0000] {subprocess.py:93} INFO - 12:25:14  1 of 6 START sql view model Silver.stg_crm_customers ........................... [RUN]
[2026-04-30T12:25:14.993+0000] {subprocess.py:93} INFO - 12:25:14  2 of 6 START sql view model Silver.stg_crm_products ............................ [RUN]
[2026-04-30T12:25:14.995+0000] {subprocess.py:93} INFO - 12:25:14  3 of 6 START sql view model Silver.stg_crm_sales ............................... [RUN]
[2026-04-30T12:25:14.996+0000] {subprocess.py:93} INFO - 12:25:14  4 of 6 START sql view model Silver.stg_erp_categories .......................... [RUN]
[2026-04-30T12:25:15.702+0000] {subprocess.py:93} INFO - 12:25:15  1 of 6 OK created sql view model Silver.stg_crm_customers ...................... [SUCCESS 1 in 0.70s]
[2026-04-30T12:25:15.707+0000] {subprocess.py:93} INFO - 12:25:15  5 of 6 START sql view model Silver.stg_erp_customers ........................... [RUN]
[2026-04-30T12:25:15.781+0000] {subprocess.py:93} INFO - 12:25:15  3 of 6 OK created sql view model Silver.stg_crm_sales .......................... [SUCCESS 1 in 0.78s]
[2026-04-30T12:25:15.784+0000] {subprocess.py:93} INFO - 12:25:15  6 of 6 START sql view model Silver.stg_erp_locations ........................... [RUN]
[2026-04-30T12:25:15.863+0000] {subprocess.py:93} INFO - 12:25:15  2 of 6 OK created sql view model Silver.stg_crm_products ....................... [SUCCESS 1 in 0.86s]
[2026-04-30T12:25:15.991+0000] {subprocess.py:93} INFO - 12:25:15  4 of 6 OK created sql view model Silver.stg_erp_categories ..................... [SUCCESS 1 in 0.99s]
[2026-04-30T12:25:17.782+0000] {subprocess.py:93} INFO - 12:25:17  5 of 6 OK created sql view model Silver.stg_erp_customers ...................... [SUCCESS 1 in 2.07s]
[2026-04-30T12:25:17.946+0000] {subprocess.py:93} INFO - 12:25:17  6 of 6 OK created sql view model Silver.stg_erp_locations ...................... [SUCCESS 1 in 2.16s]
[2026-04-30T12:25:17.958+0000] {subprocess.py:93} INFO - 12:25:17
[2026-04-30T12:25:17.960+0000] {subprocess.py:93} INFO - 12:25:17  Finished running 6 view models in 0 hours 0 minutes and 7.72 seconds (7.72s).
[2026-04-30T12:25:18.056+0000] {subprocess.py:93} INFO - 12:25:18
[2026-04-30T12:25:18.059+0000] {subprocess.py:93} INFO - 12:25:18  Completed successfully
[2026-04-30T12:25:18.061+0000] {subprocess.py:93} INFO - 12:25:18
[2026-04-30T12:25:18.062+0000] {subprocess.py:93} INFO - 12:25:18  Done. PASS=6 WARN=0 ERROR=0 SKIP=0 NO-OP=0 TOTAL=6
[2026-04-30T12:25:19.345+0000] {subprocess.py:97} INFO - Command exited with return code 0
[2026-04-30T12:25:19.347+0000] {taskinstance.py:441} INFO - ::group::Post task execution logs
[2026-04-30T12:25:19.384+0000] {taskinstance.py:1206} INFO - Marking task as SUCCESS. dag_id=sales_dwh_pipeline, task_id=dbt_silver.dbt_run_silver, run_id=manual__2026-04-30T12:24:14.517815+00:00, execution_date=20260430T122414, start_date=20260430T122505, end_date=20260430T122519
[2026-04-30T12:25:20.233+0000] {local_task_job_runner.py:240} INFO - Task exited with return code 0
[2026-04-30T12:25:20.263+0000] {taskinstance.py:3498} INFO - 1 downstream tasks scheduled from follow-on schedule check
[2026-04-30T12:25:20.265+0000] {local_task_job_runner.py:222} INFO - ::endgroup::
