[2026-04-30T11:27:42.502+0000] {local_task_job_runner.py:120} INFO - ::group::Pre task execution logs
[2026-04-30T11:27:42.570+0000] {taskinstance.py:2076} INFO - Dependencies all met for dep_context=non-requeueable deps ti=<TaskInstance: sales_dwh_pipeline.dbt_silver.dbt_run_silver manual__2026-04-30T11:27:21.309821+00:00 [queued]>
[2026-04-30T11:27:42.586+0000] {taskinstance.py:2076} INFO - Dependencies all met for dep_context=requeueable deps ti=<TaskInstance: sales_dwh_pipeline.dbt_silver.dbt_run_silver manual__2026-04-30T11:27:21.309821+00:00 [queued]>
[2026-04-30T11:27:42.587+0000] {taskinstance.py:2306} INFO - Starting attempt 1 of 2
[2026-04-30T11:27:42.616+0000] {taskinstance.py:2330} INFO - Executing <Task(BashOperator): dbt_silver.dbt_run_silver> on 2026-04-30 11:27:21.309821+00:00
[2026-04-30T11:27:42.631+0000] {logging_mixin.py:188} WARNING - /home/***/.local/lib/python3.12/site-packages/***/task/task_runner/standard_task_runner.py:61 DeprecationWarning: This process (pid=235) is multi-threaded, use of fork() may lead to deadlocks in the child.
[2026-04-30T11:27:42.634+0000] {standard_task_runner.py:63} INFO - Started process 236 to run task
[2026-04-30T11:27:42.631+0000] {standard_task_runner.py:90} INFO - Running: ['***', 'tasks', 'run', 'sales_dwh_pipeline', 'dbt_silver.dbt_run_silver', 'manual__2026-04-30T11:27:21.309821+00:00', '--job-id', '10', '--raw', '--subdir', 'DAGS_FOLDER/sales_dwh_pipeline.py', '--cfg-path', '/tmp/tmpbg1jn19b']
[2026-04-30T11:27:42.636+0000] {standard_task_runner.py:91} INFO - Job 10: Subtask dbt_silver.dbt_run_silver
[2026-04-30T11:27:42.760+0000] {task_command.py:426} INFO - Running <TaskInstance: sales_dwh_pipeline.dbt_silver.dbt_run_silver manual__2026-04-30T11:27:21.309821+00:00 [running]> on host b479807686c0
[2026-04-30T11:27:42.914+0000] {taskinstance.py:2648} INFO - Exporting env vars: AIRFLOW_CTX_DAG_OWNER='data-team' AIRFLOW_CTX_DAG_ID='sales_dwh_pipeline' AIRFLOW_CTX_TASK_ID='dbt_silver.dbt_run_silver' AIRFLOW_CTX_EXECUTION_DATE='2026-04-30T11:27:21.309821+00:00' AIRFLOW_CTX_TRY_NUMBER='1' AIRFLOW_CTX_DAG_RUN_ID='manual__2026-04-30T11:27:21.309821+00:00'
[2026-04-30T11:27:42.917+0000] {taskinstance.py:430} INFO - ::endgroup::
[2026-04-30T11:27:42.941+0000] {subprocess.py:63} INFO - Tmp dir root location: /tmp
[2026-04-30T11:27:42.943+0000] {subprocess.py:75} INFO - Running command: ['/usr/bin/bash', '-c', 'dbt run --project-dir /opt/***/dbt/sales_dwh --profiles-dir /opt/***/dbt/profiles --no-use-colors --select staging']
[2026-04-30T11:27:42.963+0000] {subprocess.py:86} INFO - Output:
[2026-04-30T11:27:47.202+0000] {subprocess.py:93} INFO - 11:27:47  Running with dbt=1.11.8
[2026-04-30T11:27:49.681+0000] {subprocess.py:93} INFO - 11:27:49  Registered adapter: snowflake=1.8.4
[2026-04-30T11:27:50.041+0000] {subprocess.py:93} INFO - 11:27:50  Unable to do partial parsing because saved manifest not found. Starting full parse.
[2026-04-30T11:27:54.631+0000] {subprocess.py:93} INFO - 11:27:54  Found 9 models, 5 data tests, 6 sources, 617 macros
[2026-04-30T11:27:54.639+0000] {subprocess.py:93} INFO - 11:27:54
[2026-04-30T11:27:54.641+0000] {subprocess.py:93} INFO - 11:27:54  Concurrency: 4 threads (target='dev')
[2026-04-30T11:27:54.643+0000] {subprocess.py:93} INFO - 11:27:54
[2026-04-30T11:28:05.029+0000] {subprocess.py:93} INFO - 11:28:05  1 of 6 START sql view model Silver.stg_crm_customers ........................... [RUN]
[2026-04-30T11:28:05.031+0000] {subprocess.py:93} INFO - 11:28:05  2 of 6 START sql view model Silver.stg_crm_products ............................ [RUN]
[2026-04-30T11:28:05.032+0000] {subprocess.py:93} INFO - 11:28:05  3 of 6 START sql view model Silver.stg_crm_sales ............................... [RUN]
[2026-04-30T11:28:05.035+0000] {subprocess.py:93} INFO - 11:28:05  4 of 6 START sql view model Silver.stg_erp_categories .......................... [RUN]
[2026-04-30T11:28:08.133+0000] {subprocess.py:93} INFO - 11:28:08  4 of 6 OK created sql view model Silver.stg_erp_categories ..................... [SUCCESS 1 in 3.08s]
[2026-04-30T11:28:08.142+0000] {subprocess.py:93} INFO - 11:28:08  5 of 6 START sql view model Silver.stg_erp_customers ........................... [RUN]
[2026-04-30T11:28:08.173+0000] {subprocess.py:93} INFO - 11:28:08  3 of 6 OK created sql view model Silver.stg_crm_sales .......................... [SUCCESS 1 in 3.12s]
[2026-04-30T11:28:08.183+0000] {subprocess.py:93} INFO - 11:28:08  6 of 6 START sql view model Silver.stg_erp_locations ........................... [RUN]
[2026-04-30T11:28:09.530+0000] {subprocess.py:93} INFO - 11:28:09  2 of 6 OK created sql view model Silver.stg_crm_products ....................... [SUCCESS 1 in 4.49s]
[2026-04-30T11:28:11.368+0000] {subprocess.py:93} INFO - 11:28:11  6 of 6 OK created sql view model Silver.stg_erp_locations ...................... [SUCCESS 1 in 3.18s]
[2026-04-30T11:28:11.522+0000] {subprocess.py:93} INFO - 11:28:11  5 of 6 OK created sql view model Silver.stg_erp_customers ...................... [SUCCESS 1 in 3.37s]
[2026-04-30T11:28:22.741+0000] {subprocess.py:93} INFO - 11:28:22  1 of 6 OK created sql view model Silver.stg_crm_customers ...................... [SUCCESS 1 in 17.70s]
[2026-04-30T11:28:22.760+0000] {subprocess.py:93} INFO - 11:28:22
[2026-04-30T11:28:22.762+0000] {subprocess.py:93} INFO - 11:28:22  Finished running 6 view models in 0 hours 0 minutes and 28.11 seconds (28.11s).
[2026-04-30T11:28:22.957+0000] {subprocess.py:93} INFO - 11:28:22
[2026-04-30T11:28:22.959+0000] {subprocess.py:93} INFO - 11:28:22  Completed successfully
[2026-04-30T11:28:22.962+0000] {subprocess.py:93} INFO - 11:28:22
[2026-04-30T11:28:22.964+0000] {subprocess.py:93} INFO - 11:28:22  Done. PASS=6 WARN=0 ERROR=0 SKIP=0 NO-OP=0 TOTAL=6
[2026-04-30T11:28:24.740+0000] {subprocess.py:97} INFO - Command exited with return code 0
[2026-04-30T11:28:24.742+0000] {taskinstance.py:441} INFO - ::group::Post task execution logs
[2026-04-30T11:28:24.797+0000] {taskinstance.py:1206} INFO - Marking task as SUCCESS. dag_id=sales_dwh_pipeline, task_id=dbt_silver.dbt_run_silver, run_id=manual__2026-04-30T11:27:21.309821+00:00, execution_date=20260430T112721, start_date=20260430T112742, end_date=20260430T112824
[2026-04-30T11:28:24.847+0000] {local_task_job_runner.py:240} INFO - Task exited with return code 0
[2026-04-30T11:28:24.899+0000] {taskinstance.py:3498} INFO - 1 downstream tasks scheduled from follow-on schedule check
[2026-04-30T11:28:24.912+0000] {local_task_job_runner.py:222} INFO - ::endgroup::
