[2026-04-30T11:43:34.866+0000] {local_task_job_runner.py:120} INFO - ::group::Pre task execution logs
[2026-04-30T11:43:34.929+0000] {taskinstance.py:2076} INFO - Dependencies all met for dep_context=non-requeueable deps ti=<TaskInstance: sales_dwh_pipeline.dbt_deps manual__2026-04-30T11:43:33.229852+00:00 [queued]>
[2026-04-30T11:43:34.947+0000] {taskinstance.py:2076} INFO - Dependencies all met for dep_context=requeueable deps ti=<TaskInstance: sales_dwh_pipeline.dbt_deps manual__2026-04-30T11:43:33.229852+00:00 [queued]>
[2026-04-30T11:43:34.948+0000] {taskinstance.py:2306} INFO - Starting attempt 1 of 2
[2026-04-30T11:43:34.973+0000] {taskinstance.py:2330} INFO - Executing <Task(BashOperator): dbt_deps> on 2026-04-30 11:43:33.229852+00:00
[2026-04-30T11:43:34.989+0000] {logging_mixin.py:188} WARNING - /home/***/.local/lib/python3.12/site-packages/***/task/task_runner/standard_task_runner.py:61 DeprecationWarning: This process (pid=220) is multi-threaded, use of fork() may lead to deadlocks in the child.
[2026-04-30T11:43:34.989+0000] {standard_task_runner.py:90} INFO - Running: ['***', 'tasks', 'run', 'sales_dwh_pipeline', 'dbt_deps', 'manual__2026-04-30T11:43:33.229852+00:00', '--job-id', '17', '--raw', '--subdir', 'DAGS_FOLDER/sales_dwh_pipeline.py', '--cfg-path', '/tmp/tmp2oiw6xa9']
[2026-04-30T11:43:34.992+0000] {standard_task_runner.py:63} INFO - Started process 221 to run task
[2026-04-30T11:43:34.993+0000] {standard_task_runner.py:91} INFO - Job 17: Subtask dbt_deps
[2026-04-30T11:43:35.122+0000] {task_command.py:426} INFO - Running <TaskInstance: sales_dwh_pipeline.dbt_deps manual__2026-04-30T11:43:33.229852+00:00 [running]> on host a4a2343379ce
[2026-04-30T11:43:35.288+0000] {taskinstance.py:2648} INFO - Exporting env vars: AIRFLOW_CTX_DAG_OWNER='data-team' AIRFLOW_CTX_DAG_ID='sales_dwh_pipeline' AIRFLOW_CTX_TASK_ID='dbt_deps' AIRFLOW_CTX_EXECUTION_DATE='2026-04-30T11:43:33.229852+00:00' AIRFLOW_CTX_TRY_NUMBER='1' AIRFLOW_CTX_DAG_RUN_ID='manual__2026-04-30T11:43:33.229852+00:00'
[2026-04-30T11:43:35.290+0000] {taskinstance.py:430} INFO - ::endgroup::
[2026-04-30T11:43:35.349+0000] {subprocess.py:63} INFO - Tmp dir root location: /tmp
[2026-04-30T11:43:35.352+0000] {subprocess.py:75} INFO - Running command: ['/usr/bin/bash', '-c', 'dbt deps --project-dir /opt/***/dbt/sales_dwh --profiles-dir /opt/***/dbt/profiles --no-use-colors']
[2026-04-30T11:43:35.374+0000] {subprocess.py:86} INFO - Output:
[2026-04-30T11:43:40.400+0000] {subprocess.py:93} INFO - 11:43:40  Running with dbt=1.11.8
[2026-04-30T11:43:41.921+0000] {subprocess.py:93} INFO - 11:43:41  Installing dbt-labs/dbt_utils
[2026-04-30T11:43:51.843+0000] {subprocess.py:93} INFO - 11:43:51  Installed from version 1.3.3
[2026-04-30T11:43:51.845+0000] {subprocess.py:93} INFO - 11:43:51  Up to date!
[2026-04-30T11:43:53.160+0000] {subprocess.py:97} INFO - Command exited with return code 0
[2026-04-30T11:43:53.162+0000] {taskinstance.py:441} INFO - ::group::Post task execution logs
[2026-04-30T11:43:53.228+0000] {taskinstance.py:1206} INFO - Marking task as SUCCESS. dag_id=sales_dwh_pipeline, task_id=dbt_deps, run_id=manual__2026-04-30T11:43:33.229852+00:00, execution_date=20260430T114333, start_date=20260430T114334, end_date=20260430T114353
[2026-04-30T11:43:53.271+0000] {local_task_job_runner.py:240} INFO - Task exited with return code 0
[2026-04-30T11:43:53.315+0000] {taskinstance.py:3498} INFO - 0 downstream tasks scheduled from follow-on schedule check
[2026-04-30T11:43:53.319+0000] {local_task_job_runner.py:222} INFO - ::endgroup::
