[2026-04-30T12:14:42.966+0000] {local_task_job_runner.py:120} INFO - ::group::Pre task execution logs
[2026-04-30T12:14:43.001+0000] {taskinstance.py:2076} INFO - Dependencies all met for dep_context=non-requeueable deps ti=<TaskInstance: sales_dwh_pipeline.dbt_gold.dbt_run_facts manual__2026-04-30T12:13:23.698697+00:00 [queued]>
[2026-04-30T12:14:43.011+0000] {taskinstance.py:2076} INFO - Dependencies all met for dep_context=requeueable deps ti=<TaskInstance: sales_dwh_pipeline.dbt_gold.dbt_run_facts manual__2026-04-30T12:13:23.698697+00:00 [queued]>
[2026-04-30T12:14:43.012+0000] {taskinstance.py:2306} INFO - Starting attempt 1 of 2
[2026-04-30T12:14:43.026+0000] {taskinstance.py:2330} INFO - Executing <Task(BashOperator): dbt_gold.dbt_run_facts> on 2026-04-30 12:13:23.698697+00:00
[2026-04-30T12:14:43.037+0000] {logging_mixin.py:188} WARNING - /home/***/.local/lib/python3.12/site-packages/***/task/task_runner/standard_task_runner.py:61 DeprecationWarning: This process (pid=363) is multi-threaded, use of fork() may lead to deadlocks in the child.
[2026-04-30T12:14:43.038+0000] {standard_task_runner.py:63} INFO - Started process 364 to run task
[2026-04-30T12:14:43.037+0000] {standard_task_runner.py:90} INFO - Running: ['***', 'tasks', 'run', 'sales_dwh_pipeline', 'dbt_gold.dbt_run_facts', 'manual__2026-04-30T12:13:23.698697+00:00', '--job-id', '40', '--raw', '--subdir', 'DAGS_FOLDER/sales_dwh_pipeline.py', '--cfg-path', '/tmp/tmp942w3ejf']
[2026-04-30T12:14:43.040+0000] {standard_task_runner.py:91} INFO - Job 40: Subtask dbt_gold.dbt_run_facts
[2026-04-30T12:14:43.119+0000] {task_command.py:426} INFO - Running <TaskInstance: sales_dwh_pipeline.dbt_gold.dbt_run_facts manual__2026-04-30T12:13:23.698697+00:00 [running]> on host 6c4c08334734
[2026-04-30T12:14:43.218+0000] {taskinstance.py:2648} INFO - Exporting env vars: AIRFLOW_CTX_DAG_OWNER='data-team' AIRFLOW_CTX_DAG_ID='sales_dwh_pipeline' AIRFLOW_CTX_TASK_ID='dbt_gold.dbt_run_facts' AIRFLOW_CTX_EXECUTION_DATE='2026-04-30T12:13:23.698697+00:00' AIRFLOW_CTX_TRY_NUMBER='1' AIRFLOW_CTX_DAG_RUN_ID='manual__2026-04-30T12:13:23.698697+00:00'
[2026-04-30T12:14:43.219+0000] {taskinstance.py:430} INFO - ::endgroup::
[2026-04-30T12:14:43.233+0000] {subprocess.py:63} INFO - Tmp dir root location: /tmp
[2026-04-30T12:14:43.236+0000] {subprocess.py:75} INFO - Running command: ['/usr/bin/bash', '-c', 'dbt run --project-dir /opt/***/dbt/sales_dwh --profiles-dir /opt/***/dbt/profiles --no-use-colors --select marts.gold.fact_sales']
[2026-04-30T12:14:43.250+0000] {subprocess.py:86} INFO - Output:
[2026-04-30T12:14:45.495+0000] {subprocess.py:93} INFO - 12:14:45  Running with dbt=1.11.8
[2026-04-30T12:14:46.490+0000] {subprocess.py:93} INFO - 12:14:46  Registered adapter: snowflake=1.8.4
[2026-04-30T12:14:47.825+0000] {subprocess.py:93} INFO - 12:14:47  Found 9 models, 5 data tests, 6 sources, 617 macros
[2026-04-30T12:14:47.830+0000] {subprocess.py:93} INFO - 12:14:47
[2026-04-30T12:14:47.831+0000] {subprocess.py:93} INFO - 12:14:47  Concurrency: 4 threads (target='dev')
[2026-04-30T12:14:47.832+0000] {subprocess.py:93} INFO - 12:14:47
[2026-04-30T12:14:52.153+0000] {subprocess.py:93} INFO - 12:14:52  1 of 1 START sql table model Gold.fact_sales ................................... [RUN]
[2026-04-30T12:14:56.497+0000] {subprocess.py:93} INFO - 12:14:56  1 of 1 OK created sql table model Gold.fact_sales .............................. [SUCCESS 1 in 4.34s]
[2026-04-30T12:14:56.506+0000] {subprocess.py:93} INFO - 12:14:56
[2026-04-30T12:14:56.507+0000] {subprocess.py:93} INFO - 12:14:56  Finished running 1 table model in 0 hours 0 minutes and 8.67 seconds (8.67s).
[2026-04-30T12:14:54.934+0000] {subprocess.py:93} INFO - 12:14:54
[2026-04-30T12:14:54.936+0000] {subprocess.py:93} INFO - 12:14:54  Completed successfully
[2026-04-30T12:14:54.937+0000] {subprocess.py:93} INFO - 12:14:54
[2026-04-30T12:14:54.938+0000] {subprocess.py:93} INFO - 12:14:54  Done. PASS=1 WARN=0 ERROR=0 SKIP=0 NO-OP=0 TOTAL=1
[2026-04-30T12:14:57.775+0000] {subprocess.py:97} INFO - Command exited with return code 0
[2026-04-30T12:14:57.777+0000] {taskinstance.py:441} INFO - ::group::Post task execution logs
[2026-04-30T12:14:57.823+0000] {taskinstance.py:1206} INFO - Marking task as SUCCESS. dag_id=sales_dwh_pipeline, task_id=dbt_gold.dbt_run_facts, run_id=manual__2026-04-30T12:13:23.698697+00:00, execution_date=20260430T121323, start_date=20260430T121443, end_date=20260430T121457
[2026-04-30T12:14:58.124+0000] {local_task_job_runner.py:240} INFO - Task exited with return code 0
[2026-04-30T12:14:58.149+0000] {taskinstance.py:3498} INFO - 1 downstream tasks scheduled from follow-on schedule check
[2026-04-30T12:14:58.152+0000] {local_task_job_runner.py:222} INFO - ::endgroup::
