[2026-04-30T11:05:42.048+0000] {manager.py:470} INFO - Processing files using up to 2 processes at a time 
[2026-04-30T11:05:42.050+0000] {manager.py:471} INFO - Process each file at most once every 30 seconds
[2026-04-30T11:05:42.051+0000] {manager.py:472} INFO - Checking for new files in /opt/airflow/dags every 300 seconds
[2026-04-30T11:05:42.053+0000] {manager.py:737} INFO - Searching for files in /opt/airflow/dags
[2026-04-30T11:05:42.090+0000] {manager.py:740} INFO - There are 1 files in /opt/airflow/dags
[2026-04-30T11:05:42.290+0000] {manager.py:878} INFO - 
================================================================================
DAG File Processing Stats

File Path                                  PID  Runtime      # DAGs    # Errors  Last Runtime    Last Run
---------------------------------------  -----  ---------  --------  ----------  --------------  ----------
/opt/airflow/dags/sales_dwh_pipeline.py    204  0.09s             0           0
================================================================================
[2026-04-30T11:06:11.073+0000] {manager.py:878} INFO - 
================================================================================
DAG File Processing Stats

File Path                                PID    Runtime      # DAGs    # Errors  Last Runtime    Last Run
---------------------------------------  -----  ---------  --------  ----------  --------------  -------------------
/opt/airflow/dags/sales_dwh_pipeline.py                           1           0  0.31s           2026-04-30T11:05:42
================================================================================
[2026-04-30T11:06:39.756+0000] {manager.py:878} INFO - 
================================================================================
DAG File Processing Stats

File Path                                PID    Runtime      # DAGs    # Errors  Last Runtime    Last Run
---------------------------------------  -----  ---------  --------  ----------  --------------  -------------------
/opt/airflow/dags/sales_dwh_pipeline.py                           1           0  0.74s           2026-04-30T11:06:13
================================================================================
[2026-04-30T11:07:08.836+0000] {manager.py:878} INFO - 
================================================================================
DAG File Processing Stats

File Path                                PID    Runtime      # DAGs    # Errors  Last Runtime    Last Run
---------------------------------------  -----  ---------  --------  ----------  --------------  -------------------
/opt/airflow/dags/sales_dwh_pipeline.py                           1           0  0.40s           2026-04-30T11:06:44
================================================================================
[2026-04-30T11:07:38.141+0000] {manager.py:878} INFO - 
================================================================================
DAG File Processing Stats

File Path                                PID    Runtime      # DAGs    # Errors  Last Runtime    Last Run
---------------------------------------  -----  ---------  --------  ----------  --------------  -------------------
/opt/airflow/dags/sales_dwh_pipeline.py                           1           0  0.36s           2026-04-30T11:07:15
================================================================================
[2026-04-30T11:08:07.258+0000] {manager.py:878} INFO - 
================================================================================
DAG File Processing Stats

File Path                                PID    Runtime      # DAGs    # Errors  Last Runtime    Last Run
---------------------------------------  -----  ---------  --------  ----------  --------------  -------------------
/opt/airflow/dags/sales_dwh_pipeline.py                           1           0  0.28s           2026-04-30T11:07:45
================================================================================
[2026-04-30T11:08:36.229+0000] {manager.py:878} INFO - 
================================================================================
DAG File Processing Stats

File Path                                PID    Runtime      # DAGs    # Errors  Last Runtime    Last Run
---------------------------------------  -----  ---------  --------  ----------  --------------  -------------------
/opt/airflow/dags/sales_dwh_pipeline.py                           1           0  0.31s           2026-04-30T11:08:16
================================================================================
[2026-04-30T11:09:05.053+0000] {manager.py:878} INFO - 
================================================================================
DAG File Processing Stats

File Path                                PID    Runtime      # DAGs    # Errors  Last Runtime    Last Run
---------------------------------------  -----  ---------  --------  ----------  --------------  -------------------
/opt/airflow/dags/sales_dwh_pipeline.py                           1           0  0.28s           2026-04-30T11:08:47
================================================================================
[2026-04-30T11:09:34.127+0000] {manager.py:878} INFO - 
================================================================================
DAG File Processing Stats

File Path                                PID    Runtime      # DAGs    # Errors  Last Runtime    Last Run
---------------------------------------  -----  ---------  --------  ----------  --------------  -------------------
/opt/airflow/dags/sales_dwh_pipeline.py                           1           0  0.30s           2026-04-30T11:09:18
================================================================================
[2026-04-30T11:09:58.239+0000] {manager.py:452} INFO - Exiting gracefully upon receiving signal 15
