==================== 2026-04-28T19:07:15.119879Z | 019dd57d-0b0b-7cd2-9f31-0b06cab79fa2 ====================
19:07:15.126683 [info ]: Installing dbt project and profile setup
19:07:15.209228 [info ]: Info Created .vscode/extensions.json with dbt extension recommendation
19:07:15.214304 [info ]: Success Project created successfully!
19:07:15.214718 [info ]: Info Project name: sales_dwh
19:07:15.215303 [info ]: Info Project directory: sales_dwh
19:07:15.215829 [info ]: Info Setting up your profile...
19:07:15.221857 [info ]: Loading ~/.dbt/profiles.yml
19:07:15.256920 [info ]: Info Creating new profile...
19:07:20.128503 [info ]: No dbt_cloud.yml found - proceeding without cloud pre-population
19:10:12.373074 [info ]: Success Profile written to C:\Users\lenovo\.dbt\profiles.yml
19:10:12.374171 [info ]: Validating profile inputs, adapters, and connection

19:10:12.375546 [info ]: dbt-fusion 2.0.0-preview.173
19:10:12.382570 [info ]: Started loading project
19:10:12.421600 [info ]: Loading ~/.dbt/profiles.yml
19:10:12.436371 [info ]: Finished loading project [  0.05s]
19:10:12.440142 [info ]: Started debugging
19:10:12.440696 [info ]: Debugging profile: dev
19:10:12.441004 [info ]: Debugging dbt version: 2.0.0-preview.173
19:10:12.441469 [info ]: Debugging platform: windows x86_64 (windows)
19:10:12.442208 [info ]: Debugging adapter type: snowflake (remote)
19:10:12.510415 [info ]: Debugging dependencies:
  git: OK
19:10:12.515547 [info ]: Debugging connection:
  "account": "JYMGHPH-WTB39818",
  "user": "SALMASHERIF19",
  "database": "SALES_DATA_WAREHOUSE",
  "warehouse": "COMPUTE_WH",
  "schema": "BRONZE",
  "role": "ACCOUNTADMIN"
19:10:15.288365 [debug]: Query executed on node unknown:
select 1 as id
19:10:15.293464 [info ]: Debugging connection test: OK
19:10:15.294563 [info ]: Debugged All checks passed!
19:10:15.296097 [info ]: Finished debugging [  2.86s]
19:10:16.194640 [info ]: 
==================== Execution Summary =====================
Finished 'init' successfully for target 'dev' [3m 1s]
==================== 2026-04-28T19:33:21.912312Z | 019dd594-f375-7800-b43d-7c01dbf179c1 ====================
19:33:21.913090 [info ]: Installing dbt project and profile setup
19:33:21.937157 [info ]: Info Created .vscode/extensions.json with dbt extension recommendation
19:33:21.939989 [info ]: Success Project created successfully!
19:33:21.940202 [info ]: Info Project name: sales_dwh
19:33:21.940483 [info ]: Info Project directory: sales_dwh
19:33:21.940780 [info ]: Info Setting up your profile...
19:33:21.942383 [info ]: Loading ~/.dbt/profiles.yml
19:33:21.954099 [info ]: Profile 'sales_dwh' already exists. You can choose how to proceed.
19:33:30.070389 [info ]: Info Creating new profile...
19:33:32.253556 [info ]: No dbt_cloud.yml found - proceeding without cloud pre-population
19:34:52.661377 [info ]: Info Backup created at C:\Users\lenovo\.dbt\profiles.yml.bkp
19:34:52.676307 [info ]: Success Profile written to C:\Users\lenovo\.dbt\profiles.yml
19:34:52.678169 [info ]: Validating profile inputs, adapters, and connection

19:34:52.679267 [info ]: dbt-fusion 2.0.0-preview.173
19:34:52.685728 [info ]: Started loading project
19:34:52.723988 [info ]: Loading ~/.dbt/profiles.yml
19:34:52.731675 [info ]: Finished loading project [  0.05s]
19:34:52.736690 [info ]: Started debugging
19:34:52.736873 [info ]: Debugging profile: dev
19:34:52.737344 [info ]: Debugging dbt version: 2.0.0-preview.173
19:34:52.737479 [info ]: Debugging platform: windows x86_64 (windows)
19:34:52.737983 [info ]: Debugging adapter type: snowflake (remote)
19:34:52.771579 [info ]: Debugging dependencies:
  git: OK
19:34:52.775794 [info ]: Debugging connection:
  "account": "JYMGHPH-WTB39818",
  "user": "SALMASHERIF19",
  "database": "SALES_DATA_WAREHOUSE",
  "warehouse": "SALES_DWH_WH",
  "schema": "BRONZE",
  "role": "ACCOUNTADMIN"
19:34:54.771159 [debug]: Query executed on node unknown:
select 1 as id
19:34:54.776593 [info ]: Debugging connection test: OK
19:34:54.777906 [info ]: Debugged All checks passed!
19:34:54.779034 [info ]: Finished debugging [  2.04s]
19:34:55.726529 [info ]: 
==================== Execution Summary =====================
Finished 'init' successfully for target 'dev' [1m 34s]
{"data":{"log_version":3,"version":"=2.0.0-preview.173"},"info":{"category":"","code":"A001","extra":{},"invocation_id":"019dd5a4-155f-7561-99f6-04acfe98a26a","level":"info","msg":"Running with dbt-fusion=2.0.0-preview.173","name":"MainReportVersion","pid":8724,"thread":"tokio-rt-worker","ts":"2026-04-28T19:49:53.638196Z"}}
{"data":{"args":{"debug":"false","invocation_command":"C:\\Users\\lenovo\\.local\\bin\\dbt.exe license info --json --log-format json","log_format":"json","quiet":"false","write_json":"true"}},"info":{"category":"","code":"A002","extra":{},"invocation_id":"019dd5a4-155f-7561-99f6-04acfe98a26a","level":"debug","msg":"running dbt-fusion with argumets {\"command\":\"license\",\"vars\":\"{}\",\"limit\":\"10\",\"debug\":false,\"log_format\":\"json\",\"quiet\":false,\"write_json\":true,\"write_catalog\":false}","name":"MainReportArgs","pid":8724,"thread":"tokio-rt-worker","ts":"2026-04-28T19:49:53.638217Z"}}
{"data":{},"info":{"category":"","code":"","extra":{},"invocation_id":"019dd5a4-155f-7561-99f6-04acfe98a26a","level":"debug","msg":"No active cloud project configured, skipping remote license","name":"Generic","pid":8724,"thread":"tokio-rt-worker","ts":"2026-04-28T19:49:53.643053Z"}}
{"data":{"columns":[],"is_inline":true,"node_name":"license_info","output_format":"json","preview":"{\n  \"status\": \"not_found\",\n  \"licensing_enabled\": true\n}","unique_id":"license.info"},"info":{"category":"","code":"Q041","extra":{},"invocation_id":"019dd5a4-155f-7561-99f6-04acfe98a26a","level":"info","msg":"{\n  \"status\": \"not_found\",\n  \"licensing_enabled\": true\n}","name":"ShowNode","pid":8724,"thread":"tokio-rt-worker","ts":"2026-04-28T19:49:53.644580Z"}}
{"data":{"completed_at":"2026-04-28T19:49:54.230578Z","elapsed":0.5939769148826599,"success":true},"info":{"category":"","code":"Q039","extra":{},"invocation_id":"019dd5a4-155f-7561-99f6-04acfe98a26a","level":"info","msg":"\n==================== Execution Summary =====================\nFinished 'license' successfully [593ms]","name":"CommandCompleted","pid":8724,"thread":"tokio-rt-worker","ts":"2026-04-28T19:49:54.243764Z"}}
{"data":{"log_version":3,"version":"=2.0.0-preview.173"},"info":{"category":"","code":"A001","extra":{},"invocation_id":"019dd82c-4d01-7262-b9f5-48cbd4ab5be1","level":"info","msg":"Running with dbt-fusion=2.0.0-preview.173","name":"MainReportVersion","pid":5172,"thread":"tokio-rt-worker","ts":"2026-04-29T07:37:55.237553Z"}}
{"data":{"args":{"debug":"false","invocation_command":"C:\\Users\\lenovo\\.local\\bin\\dbt.exe license info --json --log-format json","log_format":"json","quiet":"false","write_json":"true"}},"info":{"category":"","code":"A002","extra":{},"invocation_id":"019dd82c-4d01-7262-b9f5-48cbd4ab5be1","level":"debug","msg":"running dbt-fusion with argumets {\"command\":\"license\",\"vars\":\"{}\",\"limit\":\"10\",\"debug\":false,\"log_format\":\"json\",\"quiet\":false,\"write_json\":true,\"write_catalog\":false}","name":"MainReportArgs","pid":5172,"thread":"tokio-rt-worker","ts":"2026-04-29T07:37:55.237764Z"}}
{"data":{},"info":{"category":"","code":"","extra":{},"invocation_id":"019dd82c-4d01-7262-b9f5-48cbd4ab5be1","level":"debug","msg":"No active cloud project configured, skipping remote license","name":"Generic","pid":5172,"thread":"tokio-rt-worker","ts":"2026-04-29T07:37:55.246566Z"}}
{"data":{"columns":[],"is_inline":true,"node_name":"license_info","output_format":"json","preview":"{\n  \"status\": \"not_found\",\n  \"licensing_enabled\": true\n}","unique_id":"license.info"},"info":{"category":"","code":"Q041","extra":{},"invocation_id":"019dd82c-4d01-7262-b9f5-48cbd4ab5be1","level":"info","msg":"{\n  \"status\": \"not_found\",\n  \"licensing_enabled\": true\n}","name":"ShowNode","pid":5172,"thread":"tokio-rt-worker","ts":"2026-04-29T07:37:55.248459Z"}}
{"data":{"completed_at":"2026-04-29T07:37:55.570768Z","elapsed":0.3364205062389374,"success":true},"info":{"category":"","code":"Q039","extra":{},"invocation_id":"019dd82c-4d01-7262-b9f5-48cbd4ab5be1","level":"info","msg":"\n==================== Execution Summary =====================\nFinished 'license' successfully [336ms]","name":"CommandCompleted","pid":5172,"thread":"tokio-rt-worker","ts":"2026-04-29T07:37:55.572700Z"}}
