[2026-04-30T11:28:51.633+0000] {local_task_job_runner.py:120} INFO - ::group::Pre task execution logs
[2026-04-30T11:28:51.702+0000] {taskinstance.py:2076} INFO - Dependencies all met for dep_context=non-requeueable deps ti=<TaskInstance: sales_dwh_pipeline.dbt_gold.dbt_run_facts manual__2026-04-30T11:27:21.309821+00:00 [queued]>
[2026-04-30T11:28:51.719+0000] {taskinstance.py:2076} INFO - Dependencies all met for dep_context=requeueable deps ti=<TaskInstance: sales_dwh_pipeline.dbt_gold.dbt_run_facts manual__2026-04-30T11:27:21.309821+00:00 [queued]>
[2026-04-30T11:28:51.720+0000] {taskinstance.py:2306} INFO - Starting attempt 1 of 2
[2026-04-30T11:28:51.764+0000] {taskinstance.py:2330} INFO - Executing <Task(BashOperator): dbt_gold.dbt_run_facts> on 2026-04-30 11:27:21.309821+00:00
[2026-04-30T11:28:51.789+0000] {logging_mixin.py:188} WARNING - /home/***/.local/lib/python3.12/site-packages/***/task/task_runner/standard_task_runner.py:61 DeprecationWarning: This process (pid=337) is multi-threaded, use of fork() may lead to deadlocks in the child.
[2026-04-30T11:28:51.786+0000] {standard_task_runner.py:90} INFO - Running: ['***', 'tasks', 'run', 'sales_dwh_pipeline', 'dbt_gold.dbt_run_facts', 'manual__2026-04-30T11:27:21.309821+00:00', '--job-id', '12', '--raw', '--subdir', 'DAGS_FOLDER/sales_dwh_pipeline.py', '--cfg-path', '/tmp/tmpffh3n1yk']
[2026-04-30T11:28:51.792+0000] {standard_task_runner.py:63} INFO - Started process 338 to run task
[2026-04-30T11:28:51.792+0000] {standard_task_runner.py:91} INFO - Job 12: Subtask dbt_gold.dbt_run_facts
[2026-04-30T11:28:51.899+0000] {task_command.py:426} INFO - Running <TaskInstance: sales_dwh_pipeline.dbt_gold.dbt_run_facts manual__2026-04-30T11:27:21.309821+00:00 [running]> on host b479807686c0
[2026-04-30T11:28:52.044+0000] {taskinstance.py:2648} INFO - Exporting env vars: AIRFLOW_CTX_DAG_OWNER='data-team' AIRFLOW_CTX_DAG_ID='sales_dwh_pipeline' AIRFLOW_CTX_TASK_ID='dbt_gold.dbt_run_facts' AIRFLOW_CTX_EXECUTION_DATE='2026-04-30T11:27:21.309821+00:00' AIRFLOW_CTX_TRY_NUMBER='1' AIRFLOW_CTX_DAG_RUN_ID='manual__2026-04-30T11:27:21.309821+00:00'
[2026-04-30T11:28:52.045+0000] {taskinstance.py:430} INFO - ::endgroup::
[2026-04-30T11:28:52.074+0000] {subprocess.py:63} INFO - Tmp dir root location: /tmp
[2026-04-30T11:28:52.076+0000] {subprocess.py:75} INFO - Running command: ['/usr/bin/bash', '-c', 'dbt run --project-dir /opt/***/dbt/sales_dwh --profiles-dir /opt/***/dbt/profiles --no-use-colors --select marts.gold.fact_sales']
[2026-04-30T11:28:52.098+0000] {subprocess.py:86} INFO - Output:
[2026-04-30T11:28:56.406+0000] {subprocess.py:93} INFO - 11:28:56  Running with dbt=1.11.8
[2026-04-30T11:28:58.435+0000] {subprocess.py:93} INFO - 11:28:58  Registered adapter: snowflake=1.8.4
[2026-04-30T11:29:00.773+0000] {subprocess.py:93} INFO - 11:29:00  Found 9 models, 5 data tests, 6 sources, 617 macros
[2026-04-30T11:29:00.779+0000] {subprocess.py:93} INFO - 11:29:00
[2026-04-30T11:29:00.782+0000] {subprocess.py:93} INFO - 11:29:00  Concurrency: 4 threads (target='dev')
[2026-04-30T11:29:00.784+0000] {subprocess.py:93} INFO - 11:29:00
[2026-04-30T11:29:12.567+0000] {subprocess.py:93} INFO - 11:29:12  1 of 1 START sql table model Gold.fact_sales ................................... [RUN]
[2026-04-30T11:29:18.974+0000] {subprocess.py:93} INFO - 11:29:18  1 of 1 OK created sql table model Gold.fact_sales .............................. [SUCCESS 1 in 6.40s]
[2026-04-30T11:29:18.986+0000] {subprocess.py:93} INFO - 11:29:18
[2026-04-30T11:29:18.987+0000] {subprocess.py:93} INFO - 11:29:18  Finished running 1 table model in 0 hours 0 minutes and 18.20 seconds (18.20s).
[2026-04-30T11:29:19.248+0000] {subprocess.py:93} INFO - 11:29:19
[2026-04-30T11:29:19.250+0000] {subprocess.py:93} INFO - 11:29:19  Completed successfully
[2026-04-30T11:29:19.252+0000] {subprocess.py:93} INFO - 11:29:19
[2026-04-30T11:29:19.255+0000] {subprocess.py:93} INFO - 11:29:19  Done. PASS=1 WARN=0 ERROR=0 SKIP=0 NO-OP=0 TOTAL=1
[2026-04-30T11:29:20.862+0000] {subprocess.py:97} INFO - Command exited with return code 0
[2026-04-30T11:29:20.864+0000] {taskinstance.py:441} INFO - ::group::Post task execution logs
[2026-04-30T11:29:20.924+0000] {taskinstance.py:1206} INFO - Marking task as SUCCESS. dag_id=sales_dwh_pipeline, task_id=dbt_gold.dbt_run_facts, run_id=manual__2026-04-30T11:27:21.309821+00:00, execution_date=20260430T112721, start_date=20260430T112851, end_date=20260430T112920
[2026-04-30T11:29:20.992+0000] {local_task_job_runner.py:240} INFO - Task exited with return code 0
[2026-04-30T11:29:21.037+0000] {taskinstance.py:3498} INFO - 1 downstream tasks scheduled from follow-on schedule check
[2026-04-30T11:29:21.041+0000] {local_task_job_runner.py:222} INFO - ::endgroup::
