[2026-04-30T12:24:50.876+0000] {local_task_job_runner.py:120} INFO - ::group::Pre task execution logs
[2026-04-30T12:24:50.910+0000] {taskinstance.py:2076} INFO - Dependencies all met for dep_context=non-requeueable deps ti=<TaskInstance: sales_dwh_pipeline.dbt_deps manual__2026-04-30T12:24:14.517815+00:00 [queued]>
[2026-04-30T12:24:50.919+0000] {taskinstance.py:2076} INFO - Dependencies all met for dep_context=requeueable deps ti=<TaskInstance: sales_dwh_pipeline.dbt_deps manual__2026-04-30T12:24:14.517815+00:00 [queued]>
[2026-04-30T12:24:50.920+0000] {taskinstance.py:2306} INFO - Starting attempt 1 of 2
[2026-04-30T12:24:50.933+0000] {taskinstance.py:2330} INFO - Executing <Task(BashOperator): dbt_deps> on 2026-04-30 12:24:14.517815+00:00
[2026-04-30T12:24:50.942+0000] {logging_mixin.py:188} WARNING - /home/***/.local/lib/python3.12/site-packages/***/task/task_runner/standard_task_runner.py:61 DeprecationWarning: This process (pid=270) is multi-threaded, use of fork() may lead to deadlocks in the child.
[2026-04-30T12:24:50.943+0000] {standard_task_runner.py:63} INFO - Started process 271 to run task
[2026-04-30T12:24:50.942+0000] {standard_task_runner.py:90} INFO - Running: ['***', 'tasks', 'run', 'sales_dwh_pipeline', 'dbt_deps', 'manual__2026-04-30T12:24:14.517815+00:00', '--job-id', '47', '--raw', '--subdir', 'DAGS_FOLDER/sales_dwh_pipeline.py', '--cfg-path', '/tmp/tmpr_al_k_2']
[2026-04-30T12:24:50.944+0000] {standard_task_runner.py:91} INFO - Job 47: Subtask dbt_deps
[2026-04-30T12:24:51.017+0000] {task_command.py:426} INFO - Running <TaskInstance: sales_dwh_pipeline.dbt_deps manual__2026-04-30T12:24:14.517815+00:00 [running]> on host eead328d0d46
[2026-04-30T12:24:51.107+0000] {taskinstance.py:2648} INFO - Exporting env vars: AIRFLOW_CTX_DAG_OWNER='data-team' AIRFLOW_CTX_DAG_ID='sales_dwh_pipeline' AIRFLOW_CTX_TASK_ID='dbt_deps' AIRFLOW_CTX_EXECUTION_DATE='2026-04-30T12:24:14.517815+00:00' AIRFLOW_CTX_TRY_NUMBER='1' AIRFLOW_CTX_DAG_RUN_ID='manual__2026-04-30T12:24:14.517815+00:00'
[2026-04-30T12:24:51.108+0000] {taskinstance.py:430} INFO - ::endgroup::
[2026-04-30T12:24:51.122+0000] {subprocess.py:63} INFO - Tmp dir root location: /tmp
[2026-04-30T12:24:51.124+0000] {subprocess.py:75} INFO - Running command: ['/usr/bin/bash', '-c', 'dbt deps --project-dir /opt/***/dbt/sales_dwh --profiles-dir /opt/***/dbt/profiles --no-use-colors']
[2026-04-30T12:24:51.138+0000] {subprocess.py:86} INFO - Output:
[2026-04-30T12:24:53.689+0000] {subprocess.py:93} INFO - 12:24:53  Running with dbt=1.11.8
[2026-04-30T12:24:54.834+0000] {subprocess.py:93} INFO - 12:24:54  Installing dbt-labs/dbt_utils
[2026-04-30T12:25:02.822+0000] {subprocess.py:93} INFO - 12:25:02  Installed from version 1.3.3
[2026-04-30T12:25:02.823+0000] {subprocess.py:93} INFO - 12:25:02  Up to date!
[2026-04-30T12:25:03.899+0000] {subprocess.py:97} INFO - Command exited with return code 0
[2026-04-30T12:25:03.901+0000] {taskinstance.py:441} INFO - ::group::Post task execution logs
[2026-04-30T12:25:03.933+0000] {taskinstance.py:1206} INFO - Marking task as SUCCESS. dag_id=sales_dwh_pipeline, task_id=dbt_deps, run_id=manual__2026-04-30T12:24:14.517815+00:00, execution_date=20260430T122414, start_date=20260430T122450, end_date=20260430T122503
[2026-04-30T12:25:03.974+0000] {local_task_job_runner.py:240} INFO - Task exited with return code 0
[2026-04-30T12:25:04.000+0000] {taskinstance.py:3498} INFO - 1 downstream tasks scheduled from follow-on schedule check
[2026-04-30T12:25:04.003+0000] {local_task_job_runner.py:222} INFO - ::endgroup::
