[2026-04-30T12:14:27.775+0000] {local_task_job_runner.py:120} INFO - ::group::Pre task execution logs
[2026-04-30T12:14:27.807+0000] {taskinstance.py:2076} INFO - Dependencies all met for dep_context=non-requeueable deps ti=<TaskInstance: sales_dwh_pipeline.dbt_gold.dbt_run_dimensions manual__2026-04-30T12:13:23.698697+00:00 [queued]>
[2026-04-30T12:14:27.815+0000] {taskinstance.py:2076} INFO - Dependencies all met for dep_context=requeueable deps ti=<TaskInstance: sales_dwh_pipeline.dbt_gold.dbt_run_dimensions manual__2026-04-30T12:13:23.698697+00:00 [queued]>
[2026-04-30T12:14:27.816+0000] {taskinstance.py:2306} INFO - Starting attempt 1 of 2
[2026-04-30T12:14:27.830+0000] {taskinstance.py:2330} INFO - Executing <Task(BashOperator): dbt_gold.dbt_run_dimensions> on 2026-04-30 12:13:23.698697+00:00
[2026-04-30T12:14:27.839+0000] {logging_mixin.py:188} WARNING - /home/***/.local/lib/python3.12/site-packages/***/task/task_runner/standard_task_runner.py:61 DeprecationWarning: This process (pid=332) is multi-threaded, use of fork() may lead to deadlocks in the child.
[2026-04-30T12:14:27.841+0000] {standard_task_runner.py:63} INFO - Started process 333 to run task
[2026-04-30T12:14:27.848+0000] {standard_task_runner.py:90} INFO - Running: ['***', 'tasks', 'run', 'sales_dwh_pipeline', 'dbt_gold.dbt_run_dimensions', 'manual__2026-04-30T12:13:23.698697+00:00', '--job-id', '39', '--raw', '--subdir', 'DAGS_FOLDER/sales_dwh_pipeline.py', '--cfg-path', '/tmp/tmp2jx7qrb2']
[2026-04-30T12:14:27.851+0000] {standard_task_runner.py:91} INFO - Job 39: Subtask dbt_gold.dbt_run_dimensions
[2026-04-30T12:14:27.928+0000] {task_command.py:426} INFO - Running <TaskInstance: sales_dwh_pipeline.dbt_gold.dbt_run_dimensions manual__2026-04-30T12:13:23.698697+00:00 [running]> on host 6c4c08334734
[2026-04-30T12:14:28.042+0000] {taskinstance.py:2648} INFO - Exporting env vars: AIRFLOW_CTX_DAG_OWNER='data-team' AIRFLOW_CTX_DAG_ID='sales_dwh_pipeline' AIRFLOW_CTX_TASK_ID='dbt_gold.dbt_run_dimensions' AIRFLOW_CTX_EXECUTION_DATE='2026-04-30T12:13:23.698697+00:00' AIRFLOW_CTX_TRY_NUMBER='1' AIRFLOW_CTX_DAG_RUN_ID='manual__2026-04-30T12:13:23.698697+00:00'
[2026-04-30T12:14:28.043+0000] {taskinstance.py:430} INFO - ::endgroup::
[2026-04-30T12:14:28.065+0000] {subprocess.py:63} INFO - Tmp dir root location: /tmp
[2026-04-30T12:14:28.067+0000] {subprocess.py:75} INFO - Running command: ['/usr/bin/bash', '-c', 'dbt run --project-dir /opt/***/dbt/sales_dwh --profiles-dir /opt/***/dbt/profiles --no-use-colors --select marts.gold.dim_customers marts.gold.dim_products']
[2026-04-30T12:14:28.084+0000] {subprocess.py:86} INFO - Output:
[2026-04-30T12:14:30.227+0000] {subprocess.py:93} INFO - 12:14:30  Running with dbt=1.11.8
[2026-04-30T12:14:31.234+0000] {subprocess.py:93} INFO - 12:14:31  Registered adapter: snowflake=1.8.4
[2026-04-30T12:14:32.561+0000] {subprocess.py:93} INFO - 12:14:32  Found 9 models, 5 data tests, 6 sources, 617 macros
[2026-04-30T12:14:32.566+0000] {subprocess.py:93} INFO - 12:14:32
[2026-04-30T12:14:32.568+0000] {subprocess.py:93} INFO - 12:14:32  Concurrency: 4 threads (target='dev')
[2026-04-30T12:14:32.569+0000] {subprocess.py:93} INFO - 12:14:32
[2026-04-30T12:14:37.153+0000] {subprocess.py:93} INFO - 12:14:37  1 of 2 START sql table model Gold.dim_customers ................................ [RUN]
[2026-04-30T12:14:37.156+0000] {subprocess.py:93} INFO - 12:14:37  2 of 2 START sql table model Gold.dim_products ................................. [RUN]
[2026-04-30T12:14:40.877+0000] {subprocess.py:93} INFO - 12:14:40  2 of 2 OK created sql table model Gold.dim_products ............................ [SUCCESS 1 in 3.72s]
[2026-04-30T12:14:40.940+0000] {subprocess.py:93} INFO - 12:14:40  1 of 2 OK created sql table model Gold.dim_customers ........................... [SUCCESS 1 in 3.78s]
[2026-04-30T12:14:40.949+0000] {subprocess.py:93} INFO - 12:14:40
[2026-04-30T12:14:40.951+0000] {subprocess.py:93} INFO - 12:14:40  Finished running 2 table models in 0 hours 0 minutes and 8.38 seconds (8.38s).
[2026-04-30T12:14:41.128+0000] {subprocess.py:93} INFO - 12:14:41
[2026-04-30T12:14:41.129+0000] {subprocess.py:93} INFO - 12:14:41  Completed successfully
[2026-04-30T12:14:41.131+0000] {subprocess.py:93} INFO - 12:14:41
[2026-04-30T12:14:41.131+0000] {subprocess.py:93} INFO - 12:14:41  Done. PASS=2 WARN=0 ERROR=0 SKIP=0 NO-OP=0 TOTAL=2
[2026-04-30T12:14:42.253+0000] {subprocess.py:97} INFO - Command exited with return code 0
[2026-04-30T12:14:42.254+0000] {taskinstance.py:441} INFO - ::group::Post task execution logs
[2026-04-30T12:14:42.285+0000] {taskinstance.py:1206} INFO - Marking task as SUCCESS. dag_id=sales_dwh_pipeline, task_id=dbt_gold.dbt_run_dimensions, run_id=manual__2026-04-30T12:13:23.698697+00:00, execution_date=20260430T121323, start_date=20260430T121427, end_date=20260430T121442
[2026-04-30T12:14:42.354+0000] {local_task_job_runner.py:240} INFO - Task exited with return code 0
[2026-04-30T12:14:42.382+0000] {taskinstance.py:3498} INFO - 1 downstream tasks scheduled from follow-on schedule check
[2026-04-30T12:14:42.385+0000] {local_task_job_runner.py:222} INFO - ::endgroup::
