[2026-04-30T11:17:58.943+0000] {local_task_job_runner.py:120} INFO - ::group::Pre task execution logs
[2026-04-30T11:17:59.007+0000] {taskinstance.py:2076} INFO - Dependencies all met for dep_context=non-requeueable deps ti=<TaskInstance: sales_dwh_pipeline.dbt_deps scheduled__2026-04-29T02:00:00+00:00 [queued]>
[2026-04-30T11:17:59.027+0000] {taskinstance.py:2076} INFO - Dependencies all met for dep_context=requeueable deps ti=<TaskInstance: sales_dwh_pipeline.dbt_deps scheduled__2026-04-29T02:00:00+00:00 [queued]>
[2026-04-30T11:17:59.028+0000] {taskinstance.py:2306} INFO - Starting attempt 1 of 2
[2026-04-30T11:17:59.056+0000] {taskinstance.py:2330} INFO - Executing <Task(BashOperator): dbt_deps> on 2026-04-29 02:00:00+00:00
[2026-04-30T11:17:59.084+0000] {logging_mixin.py:188} WARNING - /home/***/.local/lib/python3.12/site-packages/***/task/task_runner/standard_task_runner.py:61 DeprecationWarning: This process (pid=226) is multi-threaded, use of fork() may lead to deadlocks in the child.
[2026-04-30T11:17:59.088+0000] {standard_task_runner.py:63} INFO - Started process 227 to run task
[2026-04-30T11:17:59.083+0000] {standard_task_runner.py:90} INFO - Running: ['***', 'tasks', 'run', 'sales_dwh_pipeline', 'dbt_deps', 'scheduled__2026-04-29T02:00:00+00:00', '--job-id', '3', '--raw', '--subdir', 'DAGS_FOLDER/sales_dwh_pipeline.py', '--cfg-path', '/tmp/tmpfkftalki']
[2026-04-30T11:17:59.089+0000] {standard_task_runner.py:91} INFO - Job 3: Subtask dbt_deps
[2026-04-30T11:17:59.245+0000] {task_command.py:426} INFO - Running <TaskInstance: sales_dwh_pipeline.dbt_deps scheduled__2026-04-29T02:00:00+00:00 [running]> on host 172831717fd2
[2026-04-30T11:17:59.456+0000] {taskinstance.py:2648} INFO - Exporting env vars: AIRFLOW_CTX_DAG_OWNER='data-team' AIRFLOW_CTX_DAG_ID='sales_dwh_pipeline' AIRFLOW_CTX_TASK_ID='dbt_deps' AIRFLOW_CTX_EXECUTION_DATE='2026-04-29T02:00:00+00:00' AIRFLOW_CTX_TRY_NUMBER='1' AIRFLOW_CTX_DAG_RUN_ID='scheduled__2026-04-29T02:00:00+00:00'
[2026-04-30T11:17:59.458+0000] {taskinstance.py:430} INFO - ::endgroup::
[2026-04-30T11:17:59.552+0000] {subprocess.py:63} INFO - Tmp dir root location: /tmp
[2026-04-30T11:17:59.555+0000] {subprocess.py:75} INFO - Running command: ['/usr/bin/bash', '-c', 'dbt deps --project-dir /opt/***/dbt/sales_dwh --profiles-dir /opt/***/dbt/profiles --no-use-colors']
[2026-04-30T11:17:59.578+0000] {subprocess.py:86} INFO - Output:
[2026-04-30T11:18:04.477+0000] {subprocess.py:93} INFO - 11:18:04  Running with dbt=1.11.8
[2026-04-30T11:18:05.425+0000] {subprocess.py:93} INFO - 11:18:05  Updating lock file in file path: /opt/***/dbt/sales_dwh/package-lock.yml
[2026-04-30T11:18:06.077+0000] {subprocess.py:93} INFO - 11:18:06  Installing dbt-labs/dbt_utils
[2026-04-30T11:18:17.317+0000] {subprocess.py:93} INFO - 11:18:17  Installed from version 1.3.3
[2026-04-30T11:18:17.320+0000] {subprocess.py:93} INFO - 11:18:17  Up to date!
[2026-04-30T11:18:18.800+0000] {subprocess.py:97} INFO - Command exited with return code 0
[2026-04-30T11:18:18.803+0000] {taskinstance.py:441} INFO - ::group::Post task execution logs
[2026-04-30T11:18:18.868+0000] {taskinstance.py:1206} INFO - Marking task as SUCCESS. dag_id=sales_dwh_pipeline, task_id=dbt_deps, run_id=scheduled__2026-04-29T02:00:00+00:00, execution_date=20260429T020000, start_date=20260430T111759, end_date=20260430T111818
[2026-04-30T11:18:18.939+0000] {local_task_job_runner.py:240} INFO - Task exited with return code 0
[2026-04-30T11:18:18.999+0000] {taskinstance.py:3498} INFO - 1 downstream tasks scheduled from follow-on schedule check
[2026-04-30T11:18:19.002+0000] {local_task_job_runner.py:222} INFO - ::endgroup::
