[2026-04-30T11:27:22.193+0000] {local_task_job_runner.py:120} INFO - ::group::Pre task execution logs
[2026-04-30T11:27:22.257+0000] {taskinstance.py:2076} INFO - Dependencies all met for dep_context=non-requeueable deps ti=<TaskInstance: sales_dwh_pipeline.dbt_deps manual__2026-04-30T11:27:21.309821+00:00 [queued]>
[2026-04-30T11:27:22.273+0000] {taskinstance.py:2076} INFO - Dependencies all met for dep_context=requeueable deps ti=<TaskInstance: sales_dwh_pipeline.dbt_deps manual__2026-04-30T11:27:21.309821+00:00 [queued]>
[2026-04-30T11:27:22.274+0000] {taskinstance.py:2306} INFO - Starting attempt 1 of 2
[2026-04-30T11:27:22.306+0000] {taskinstance.py:2330} INFO - Executing <Task(BashOperator): dbt_deps> on 2026-04-30 11:27:21.309821+00:00
[2026-04-30T11:27:22.329+0000] {logging_mixin.py:188} WARNING - /home/***/.local/lib/python3.12/site-packages/***/task/task_runner/standard_task_runner.py:61 DeprecationWarning: This process (pid=220) is multi-threaded, use of fork() may lead to deadlocks in the child.
[2026-04-30T11:27:22.329+0000] {standard_task_runner.py:90} INFO - Running: ['***', 'tasks', 'run', 'sales_dwh_pipeline', 'dbt_deps', 'manual__2026-04-30T11:27:21.309821+00:00', '--job-id', '9', '--raw', '--subdir', 'DAGS_FOLDER/sales_dwh_pipeline.py', '--cfg-path', '/tmp/tmp4rn7186o']
[2026-04-30T11:27:22.332+0000] {standard_task_runner.py:63} INFO - Started process 221 to run task
[2026-04-30T11:27:22.334+0000] {standard_task_runner.py:91} INFO - Job 9: Subtask dbt_deps
[2026-04-30T11:27:22.463+0000] {task_command.py:426} INFO - Running <TaskInstance: sales_dwh_pipeline.dbt_deps manual__2026-04-30T11:27:21.309821+00:00 [running]> on host b479807686c0
[2026-04-30T11:27:22.694+0000] {taskinstance.py:2648} INFO - Exporting env vars: AIRFLOW_CTX_DAG_OWNER='data-team' AIRFLOW_CTX_DAG_ID='sales_dwh_pipeline' AIRFLOW_CTX_TASK_ID='dbt_deps' AIRFLOW_CTX_EXECUTION_DATE='2026-04-30T11:27:21.309821+00:00' AIRFLOW_CTX_TRY_NUMBER='1' AIRFLOW_CTX_DAG_RUN_ID='manual__2026-04-30T11:27:21.309821+00:00'
[2026-04-30T11:27:22.695+0000] {taskinstance.py:430} INFO - ::endgroup::
[2026-04-30T11:27:22.759+0000] {subprocess.py:63} INFO - Tmp dir root location: /tmp
[2026-04-30T11:27:22.762+0000] {subprocess.py:75} INFO - Running command: ['/usr/bin/bash', '-c', 'dbt deps --project-dir /opt/***/dbt/sales_dwh --profiles-dir /opt/***/dbt/profiles --no-use-colors']
[2026-04-30T11:27:22.785+0000] {subprocess.py:86} INFO - Output:
[2026-04-30T11:27:27.338+0000] {subprocess.py:93} INFO - 11:27:27  Running with dbt=1.11.8
[2026-04-30T11:27:28.820+0000] {subprocess.py:93} INFO - 11:27:28  Installing dbt-labs/dbt_utils
[2026-04-30T11:27:40.230+0000] {subprocess.py:93} INFO - 11:27:40  Installed from version 1.3.3
[2026-04-30T11:27:40.233+0000] {subprocess.py:93} INFO - 11:27:40  Up to date!
[2026-04-30T11:27:41.532+0000] {subprocess.py:97} INFO - Command exited with return code 0
[2026-04-30T11:27:41.534+0000] {taskinstance.py:441} INFO - ::group::Post task execution logs
[2026-04-30T11:27:41.589+0000] {taskinstance.py:1206} INFO - Marking task as SUCCESS. dag_id=sales_dwh_pipeline, task_id=dbt_deps, run_id=manual__2026-04-30T11:27:21.309821+00:00, execution_date=20260430T112721, start_date=20260430T112722, end_date=20260430T112741
[2026-04-30T11:27:41.660+0000] {local_task_job_runner.py:240} INFO - Task exited with return code 0
[2026-04-30T11:27:41.705+0000] {taskinstance.py:3498} INFO - 1 downstream tasks scheduled from follow-on schedule check
[2026-04-30T11:27:41.716+0000] {local_task_job_runner.py:222} INFO - ::endgroup::
