[2026-04-30T12:13:25.089+0000] {local_task_job_runner.py:120} INFO - ::group::Pre task execution logs
[2026-04-30T12:13:25.163+0000] {taskinstance.py:2076} INFO - Dependencies all met for dep_context=non-requeueable deps ti=<TaskInstance: sales_dwh_pipeline.bronze.load_bronze manual__2026-04-30T12:13:23.698697+00:00 [queued]>
[2026-04-30T12:13:25.172+0000] {taskinstance.py:2076} INFO - Dependencies all met for dep_context=requeueable deps ti=<TaskInstance: sales_dwh_pipeline.bronze.load_bronze manual__2026-04-30T12:13:23.698697+00:00 [queued]>
[2026-04-30T12:13:25.173+0000] {taskinstance.py:2306} INFO - Starting attempt 1 of 2
[2026-04-30T12:13:25.190+0000] {taskinstance.py:2330} INFO - Executing <Task(BashOperator): bronze.load_bronze> on 2026-04-30 12:13:23.698697+00:00
[2026-04-30T12:13:25.203+0000] {logging_mixin.py:188} WARNING - /home/***/.local/lib/python3.12/site-packages/***/task/task_runner/standard_task_runner.py:61 DeprecationWarning: This process (pid=202) is multi-threaded, use of fork() may lead to deadlocks in the child.
[2026-04-30T12:13:25.207+0000] {standard_task_runner.py:63} INFO - Started process 206 to run task
[2026-04-30T12:13:25.203+0000] {standard_task_runner.py:90} INFO - Running: ['***', 'tasks', 'run', 'sales_dwh_pipeline', 'bronze.load_bronze', 'manual__2026-04-30T12:13:23.698697+00:00', '--job-id', '35', '--raw', '--subdir', 'DAGS_FOLDER/sales_dwh_pipeline.py', '--cfg-path', '/tmp/tmpoh3tw9kd']
[2026-04-30T12:13:25.208+0000] {standard_task_runner.py:91} INFO - Job 35: Subtask bronze.load_bronze
[2026-04-30T12:13:25.348+0000] {task_command.py:426} INFO - Running <TaskInstance: sales_dwh_pipeline.bronze.load_bronze manual__2026-04-30T12:13:23.698697+00:00 [running]> on host 6c4c08334734
[2026-04-30T12:13:25.615+0000] {taskinstance.py:2648} INFO - Exporting env vars: AIRFLOW_CTX_DAG_OWNER='data-team' AIRFLOW_CTX_DAG_ID='sales_dwh_pipeline' AIRFLOW_CTX_TASK_ID='bronze.load_bronze' AIRFLOW_CTX_EXECUTION_DATE='2026-04-30T12:13:23.698697+00:00' AIRFLOW_CTX_TRY_NUMBER='1' AIRFLOW_CTX_DAG_RUN_ID='manual__2026-04-30T12:13:23.698697+00:00'
[2026-04-30T12:13:25.616+0000] {taskinstance.py:430} INFO - ::endgroup::
[2026-04-30T12:13:25.668+0000] {subprocess.py:63} INFO - Tmp dir root location: /tmp
[2026-04-30T12:13:25.671+0000] {subprocess.py:75} INFO - Running command: ['/usr/bin/bash', '-c', 'python /opt/***/scripts/bronze_loader.py --csv-dir /opt/***/data']
[2026-04-30T12:13:25.686+0000] {subprocess.py:86} INFO - Output:
[2026-04-30T12:13:28.029+0000] {subprocess.py:93} INFO - 2026-04-30 12:13:28,028 [INFO] Snowflake Connector for Python Version: 3.10.0, Python Version: 3.12.3, Platform: Linux-6.6.87.2-microsoft-standard-WSL2-x86_64-with-glibc2.36
[2026-04-30T12:13:28.029+0000] {subprocess.py:93} INFO - 2026-04-30 12:13:28,029 [INFO] This connection is in OCSP Fail Open Mode. TLS Certificates would be checked for validity and revocation status. Any other Certificate Revocation related exceptions or OCSP Responder failures would be disregarded in favor of connectivity.
[2026-04-30T12:13:30.829+0000] {subprocess.py:93} INFO - 2026-04-30 12:13:30,829 [INFO] Number of results in first chunk: 1
[2026-04-30T12:13:31.206+0000] {subprocess.py:93} INFO - 2026-04-30 12:13:31,205 [INFO] Number of results in first chunk: 1
[2026-04-30T12:13:31.209+0000] {subprocess.py:93} INFO - 2026-04-30 12:13:31,209 [INFO] Uploading /opt/***/data/source_crm/cust_info.csv → @BRONZE.BRONZE_STAGE
[2026-04-30T12:13:32.390+0000] {subprocess.py:93} INFO - 2026-04-30 12:13:32,390 [INFO] PUT result: [('cust_info.csv', 'cust_info.csv.gz', 855395, 189536, 'NONE', 'GZIP', 'UPLOADED', '')]
[2026-04-30T12:13:32.391+0000] {subprocess.py:93} INFO - 2026-04-30 12:13:32,390 [INFO] Truncating BRONZE.CRM_CUST_INFO before reload
[2026-04-30T12:13:33.279+0000] {subprocess.py:93} INFO - 2026-04-30 12:13:33,279 [INFO] Number of results in first chunk: 1
[2026-04-30T12:13:33.280+0000] {subprocess.py:93} INFO - 2026-04-30 12:13:33,279 [INFO] Running COPY INTO BRONZE.CRM_CUST_INFO
[2026-04-30T12:13:35.468+0000] {subprocess.py:93} INFO - 2026-04-30 12:13:35,468 [INFO] Number of results in first chunk: 1
[2026-04-30T12:13:35.469+0000] {subprocess.py:93} INFO - 2026-04-30 12:13:35,468 [INFO] COPY result for BRONZE.CRM_CUST_INFO: [('bronze_stage/cust_info.csv.gz', 'LOADED', 18494, 18494, 18494, 0, None, None, None, None)]
[2026-04-30T12:13:35.473+0000] {subprocess.py:93} INFO - 2026-04-30 12:13:35,473 [INFO] Uploading /opt/***/data/source_crm/prd_info.csv → @BRONZE.BRONZE_STAGE
[2026-04-30T12:13:36.563+0000] {subprocess.py:93} INFO - 2026-04-30 12:13:36,563 [INFO] PUT result: [('prd_info.csv', 'prd_info.csv.gz', 26934, 4432, 'NONE', 'GZIP', 'UPLOADED', '')]
[2026-04-30T12:13:36.564+0000] {subprocess.py:93} INFO - 2026-04-30 12:13:36,563 [INFO] Truncating BRONZE.CRM_PRD_INFO before reload
[2026-04-30T12:13:37.376+0000] {subprocess.py:93} INFO - 2026-04-30 12:13:37,376 [INFO] Number of results in first chunk: 1
[2026-04-30T12:13:37.377+0000] {subprocess.py:93} INFO - 2026-04-30 12:13:37,376 [INFO] Running COPY INTO BRONZE.CRM_PRD_INFO
[2026-04-30T12:13:39.160+0000] {subprocess.py:93} INFO - 2026-04-30 12:13:39,159 [INFO] Number of results in first chunk: 1
[2026-04-30T12:13:39.160+0000] {subprocess.py:93} INFO - 2026-04-30 12:13:39,160 [INFO] COPY result for BRONZE.CRM_PRD_INFO: [('bronze_stage/prd_info.csv.gz', 'LOADED', 397, 397, 397, 0, None, None, None, None)]
[2026-04-30T12:13:39.162+0000] {subprocess.py:93} INFO - 2026-04-30 12:13:39,162 [INFO] Uploading /opt/***/data/source_crm/sales_details.csv → @BRONZE.BRONZE_STAGE
[2026-04-30T12:13:41.296+0000] {subprocess.py:93} INFO - 2026-04-30 12:13:41,296 [INFO] PUT result: [('sales_details.csv', 'sales_details.csv.gz', 3588116, 468896, 'NONE', 'GZIP', 'UPLOADED', '')]
[2026-04-30T12:13:41.297+0000] {subprocess.py:93} INFO - 2026-04-30 12:13:41,296 [INFO] Truncating BRONZE.CRM_SALES_DETAILS before reload
[2026-04-30T12:13:41.944+0000] {subprocess.py:93} INFO - 2026-04-30 12:13:41,943 [INFO] Number of results in first chunk: 1
[2026-04-30T12:13:41.946+0000] {subprocess.py:93} INFO - 2026-04-30 12:13:41,943 [INFO] Running COPY INTO BRONZE.CRM_SALES_DETAILS
[2026-04-30T12:13:43.300+0000] {subprocess.py:93} INFO - 2026-04-30 12:13:43,299 [INFO] Number of results in first chunk: 1
[2026-04-30T12:13:43.301+0000] {subprocess.py:93} INFO - 2026-04-30 12:13:43,300 [INFO] COPY result for BRONZE.CRM_SALES_DETAILS: [('bronze_stage/sales_details.csv.gz', 'LOADED', 60398, 60398, 60398, 0, None, None, None, None)]
[2026-04-30T12:13:43.304+0000] {subprocess.py:93} INFO - 2026-04-30 12:13:43,304 [INFO] Uploading /opt/***/data/source_erp/loc_a101.csv → @BRONZE.BRONZE_STAGE
[2026-04-30T12:13:44.516+0000] {subprocess.py:93} INFO - 2026-04-30 12:13:44,516 [INFO] PUT result: [('loc_a101.csv', 'loc_a101.csv.gz', 402669, 54288, 'NONE', 'GZIP', 'UPLOADED', '')]
[2026-04-30T12:13:44.517+0000] {subprocess.py:93} INFO - 2026-04-30 12:13:44,516 [INFO] Truncating BRONZE.ERP_LOC_A101 before reload
[2026-04-30T12:13:45.262+0000] {subprocess.py:93} INFO - 2026-04-30 12:13:45,262 [INFO] Number of results in first chunk: 1
[2026-04-30T12:13:45.263+0000] {subprocess.py:93} INFO - 2026-04-30 12:13:45,262 [INFO] Running COPY INTO BRONZE.ERP_LOC_A101
[2026-04-30T12:13:46.924+0000] {subprocess.py:93} INFO - 2026-04-30 12:13:46,924 [INFO] Number of results in first chunk: 1
[2026-04-30T12:13:46.925+0000] {subprocess.py:93} INFO - 2026-04-30 12:13:46,924 [INFO] COPY result for BRONZE.ERP_LOC_A101: [('bronze_stage/loc_a101.csv.gz', 'LOADED', 18484, 18484, 18484, 0, None, None, None, None)]
[2026-04-30T12:13:46.928+0000] {subprocess.py:93} INFO - 2026-04-30 12:13:46,928 [INFO] Uploading /opt/***/data/source_erp/cust_az12.csv → @BRONZE.BRONZE_STAGE
[2026-04-30T12:13:48.195+0000] {subprocess.py:93} INFO - 2026-04-30 12:13:48,195 [INFO] PUT result: [('cust_az12.csv', 'cust_az12.csv.gz', 561549, 107264, 'NONE', 'GZIP', 'UPLOADED', '')]
[2026-04-30T12:13:48.196+0000] {subprocess.py:93} INFO - 2026-04-30 12:13:48,195 [INFO] Truncating BRONZE.ERP_CUST_AZ12 before reload
[2026-04-30T12:13:48.922+0000] {subprocess.py:93} INFO - 2026-04-30 12:13:48,922 [INFO] Number of results in first chunk: 1
[2026-04-30T12:13:48.923+0000] {subprocess.py:93} INFO - 2026-04-30 12:13:48,922 [INFO] Running COPY INTO BRONZE.ERP_CUST_AZ12
[2026-04-30T12:13:50.170+0000] {subprocess.py:93} INFO - 2026-04-30 12:13:50,169 [INFO] Number of results in first chunk: 1
[2026-04-30T12:13:50.170+0000] {subprocess.py:93} INFO - 2026-04-30 12:13:50,170 [INFO] COPY result for BRONZE.ERP_CUST_AZ12: [('bronze_stage/cust_az12.csv.gz', 'LOADED', 18484, 18484, 18484, 0, None, None, None, None)]
[2026-04-30T12:13:50.173+0000] {subprocess.py:93} INFO - 2026-04-30 12:13:50,173 [INFO] Uploading /opt/***/data/source_erp/px_cat_g1v2.csv → @BRONZE.BRONZE_STAGE
[2026-04-30T12:13:51.178+0000] {subprocess.py:93} INFO - 2026-04-30 12:13:51,178 [INFO] PUT result: [('px_cat_g1v2.csv', 'px_cat_g1v2.csv.gz', 1169, 464, 'NONE', 'GZIP', 'UPLOADED', '')]
[2026-04-30T12:13:51.180+0000] {subprocess.py:93} INFO - 2026-04-30 12:13:51,178 [INFO] Truncating BRONZE.ERP_PX_CAT_G1V2 before reload
[2026-04-30T12:13:51.735+0000] {subprocess.py:93} INFO - 2026-04-30 12:13:51,735 [INFO] Number of results in first chunk: 1
[2026-04-30T12:13:51.736+0000] {subprocess.py:93} INFO - 2026-04-30 12:13:51,735 [INFO] Running COPY INTO BRONZE.ERP_PX_CAT_G1V2
[2026-04-30T12:13:52.890+0000] {subprocess.py:93} INFO - 2026-04-30 12:13:52,889 [INFO] Number of results in first chunk: 1
[2026-04-30T12:13:52.892+0000] {subprocess.py:93} INFO - 2026-04-30 12:13:52,890 [INFO] COPY result for BRONZE.ERP_PX_CAT_G1V2: [('bronze_stage/px_cat_g1v2.csv.gz', 'LOADED', 37, 37, 37, 0, None, None, None, None)]
[2026-04-30T12:13:52.893+0000] {subprocess.py:93} INFO - 2026-04-30 12:13:52,890 [INFO] Bronze load complete.
[2026-04-30T12:13:52.893+0000] {subprocess.py:93} INFO - 2026-04-30 12:13:52,890 [INFO] closed
[2026-04-30T12:13:53.160+0000] {subprocess.py:93} INFO - 2026-04-30 12:13:53,160 [INFO] No async queries seem to be running, deleting session
[2026-04-30T12:13:53.627+0000] {subprocess.py:97} INFO - Command exited with return code 0
[2026-04-30T12:13:53.630+0000] {taskinstance.py:441} INFO - ::group::Post task execution logs
[2026-04-30T12:13:53.673+0000] {taskinstance.py:1206} INFO - Marking task as SUCCESS. dag_id=sales_dwh_pipeline, task_id=bronze.load_bronze, run_id=manual__2026-04-30T12:13:23.698697+00:00, execution_date=20260430T121323, start_date=20260430T121325, end_date=20260430T121353
[2026-04-30T12:13:53.729+0000] {local_task_job_runner.py:240} INFO - Task exited with return code 0
[2026-04-30T12:13:53.767+0000] {taskinstance.py:3498} INFO - 1 downstream tasks scheduled from follow-on schedule check
[2026-04-30T12:13:53.769+0000] {local_task_job_runner.py:222} INFO - ::endgroup::
