[2026-04-30T12:01:27.683+0000] {local_task_job_runner.py:120} INFO - ::group::Pre task execution logs
[2026-04-30T12:01:27.715+0000] {taskinstance.py:2076} INFO - Dependencies all met for dep_context=non-requeueable deps ti=<TaskInstance: sales_dwh_pipeline.dbt_deps manual__2026-04-30T12:00:47.796082+00:00 [queued]>
[2026-04-30T12:01:27.724+0000] {taskinstance.py:2076} INFO - Dependencies all met for dep_context=requeueable deps ti=<TaskInstance: sales_dwh_pipeline.dbt_deps manual__2026-04-30T12:00:47.796082+00:00 [queued]>
[2026-04-30T12:01:27.724+0000] {taskinstance.py:2306} INFO - Starting attempt 1 of 2
[2026-04-30T12:01:27.737+0000] {taskinstance.py:2330} INFO - Executing <Task(BashOperator): dbt_deps> on 2026-04-30 12:00:47.796082+00:00
[2026-04-30T12:01:27.747+0000] {logging_mixin.py:188} WARNING - /home/***/.local/lib/python3.12/site-packages/***/task/task_runner/standard_task_runner.py:61 DeprecationWarning: This process (pid=534) is multi-threaded, use of fork() may lead to deadlocks in the child.
[2026-04-30T12:01:27.748+0000] {standard_task_runner.py:63} INFO - Started process 535 to run task
[2026-04-30T12:01:27.747+0000] {standard_task_runner.py:90} INFO - Running: ['***', 'tasks', 'run', 'sales_dwh_pipeline', 'dbt_deps', 'manual__2026-04-30T12:00:47.796082+00:00', '--job-id', '27', '--raw', '--subdir', 'DAGS_FOLDER/sales_dwh_pipeline.py', '--cfg-path', '/tmp/tmpgbi5dzla']
[2026-04-30T12:01:27.749+0000] {standard_task_runner.py:91} INFO - Job 27: Subtask dbt_deps
[2026-04-30T12:01:27.822+0000] {task_command.py:426} INFO - Running <TaskInstance: sales_dwh_pipeline.dbt_deps manual__2026-04-30T12:00:47.796082+00:00 [running]> on host d366443b1966
[2026-04-30T12:01:27.914+0000] {taskinstance.py:2648} INFO - Exporting env vars: AIRFLOW_CTX_DAG_OWNER='data-team' AIRFLOW_CTX_DAG_ID='sales_dwh_pipeline' AIRFLOW_CTX_TASK_ID='dbt_deps' AIRFLOW_CTX_EXECUTION_DATE='2026-04-30T12:00:47.796082+00:00' AIRFLOW_CTX_TRY_NUMBER='1' AIRFLOW_CTX_DAG_RUN_ID='manual__2026-04-30T12:00:47.796082+00:00'
[2026-04-30T12:01:27.918+0000] {taskinstance.py:430} INFO - ::endgroup::
[2026-04-30T12:01:27.932+0000] {subprocess.py:63} INFO - Tmp dir root location: /tmp
[2026-04-30T12:01:27.934+0000] {subprocess.py:75} INFO - Running command: ['/usr/bin/bash', '-c', 'dbt deps --project-dir /opt/***/dbt/sales_dwh --profiles-dir /opt/***/dbt/profiles --no-use-colors']
[2026-04-30T12:01:27.947+0000] {subprocess.py:86} INFO - Output:
[2026-04-30T12:01:30.309+0000] {subprocess.py:93} INFO - 12:01:30  Running with dbt=1.11.8
[2026-04-30T12:01:31.491+0000] {subprocess.py:93} INFO - 12:01:31  Installing dbt-labs/dbt_utils
[2026-04-30T12:01:39.569+0000] {subprocess.py:93} INFO - 12:01:39  Installed from version 1.3.3
[2026-04-30T12:01:39.570+0000] {subprocess.py:93} INFO - 12:01:39  Up to date!
[2026-04-30T12:01:40.670+0000] {subprocess.py:97} INFO - Command exited with return code 0
[2026-04-30T12:01:40.672+0000] {taskinstance.py:441} INFO - ::group::Post task execution logs
[2026-04-30T12:01:40.710+0000] {taskinstance.py:1206} INFO - Marking task as SUCCESS. dag_id=sales_dwh_pipeline, task_id=dbt_deps, run_id=manual__2026-04-30T12:00:47.796082+00:00, execution_date=20260430T120047, start_date=20260430T120127, end_date=20260430T120140
[2026-04-30T12:01:40.763+0000] {local_task_job_runner.py:240} INFO - Task exited with return code 0
[2026-04-30T12:01:40.797+0000] {taskinstance.py:3498} INFO - 1 downstream tasks scheduled from follow-on schedule check
[2026-04-30T12:01:40.800+0000] {local_task_job_runner.py:222} INFO - ::endgroup::
