[2026-04-30T11:23:54.742+0000] {local_task_job_runner.py:120} INFO - ::group::Pre task execution logs
[2026-04-30T11:23:54.802+0000] {taskinstance.py:2076} INFO - Dependencies all met for dep_context=non-requeueable deps ti=<TaskInstance: sales_dwh_pipeline.dbt_silver.dbt_run_silver manual__2026-04-30T11:17:57.322670+00:00 [queued]>
[2026-04-30T11:23:54.819+0000] {taskinstance.py:2076} INFO - Dependencies all met for dep_context=requeueable deps ti=<TaskInstance: sales_dwh_pipeline.dbt_silver.dbt_run_silver manual__2026-04-30T11:17:57.322670+00:00 [queued]>
[2026-04-30T11:23:54.820+0000] {taskinstance.py:2306} INFO - Starting attempt 1 of 2
[2026-04-30T11:23:54.859+0000] {taskinstance.py:2330} INFO - Executing <Task(BashOperator): dbt_silver.dbt_run_silver> on 2026-04-30 11:17:57.322670+00:00
[2026-04-30T11:23:54.874+0000] {logging_mixin.py:188} WARNING - /home/***/.local/lib/python3.12/site-packages/***/task/task_runner/standard_task_runner.py:61 DeprecationWarning: This process (pid=375) is multi-threaded, use of fork() may lead to deadlocks in the child.
[2026-04-30T11:23:54.873+0000] {standard_task_runner.py:90} INFO - Running: ['***', 'tasks', 'run', 'sales_dwh_pipeline', 'dbt_silver.dbt_run_silver', 'manual__2026-04-30T11:17:57.322670+00:00', '--job-id', '7', '--raw', '--subdir', 'DAGS_FOLDER/sales_dwh_pipeline.py', '--cfg-path', '/tmp/tmp428rf84x']
[2026-04-30T11:23:54.876+0000] {standard_task_runner.py:63} INFO - Started process 376 to run task
[2026-04-30T11:23:54.877+0000] {standard_task_runner.py:91} INFO - Job 7: Subtask dbt_silver.dbt_run_silver
[2026-04-30T11:23:54.984+0000] {task_command.py:426} INFO - Running <TaskInstance: sales_dwh_pipeline.dbt_silver.dbt_run_silver manual__2026-04-30T11:17:57.322670+00:00 [running]> on host 172831717fd2
[2026-04-30T11:23:55.144+0000] {taskinstance.py:2648} INFO - Exporting env vars: AIRFLOW_CTX_DAG_OWNER='data-team' AIRFLOW_CTX_DAG_ID='sales_dwh_pipeline' AIRFLOW_CTX_TASK_ID='dbt_silver.dbt_run_silver' AIRFLOW_CTX_EXECUTION_DATE='2026-04-30T11:17:57.322670+00:00' AIRFLOW_CTX_TRY_NUMBER='1' AIRFLOW_CTX_DAG_RUN_ID='manual__2026-04-30T11:17:57.322670+00:00'
[2026-04-30T11:23:55.148+0000] {taskinstance.py:430} INFO - ::endgroup::
[2026-04-30T11:23:55.180+0000] {subprocess.py:63} INFO - Tmp dir root location: /tmp
[2026-04-30T11:23:55.183+0000] {subprocess.py:75} INFO - Running command: ['/usr/bin/bash', '-c', 'dbt run --project-dir /opt/***/dbt/sales_dwh --profiles-dir /opt/***/dbt/profiles --no-use-colors --select staging']
[2026-04-30T11:23:55.206+0000] {subprocess.py:86} INFO - Output:
[2026-04-30T11:23:59.632+0000] {subprocess.py:93} INFO - 11:23:59  Running with dbt=1.11.8
[2026-04-30T11:23:59.654+0000] {subprocess.py:93} INFO - 11:23:59  Encountered an error:
[2026-04-30T11:23:59.655+0000] {subprocess.py:93} INFO - Parsing Error
[2026-04-30T11:23:59.656+0000] {subprocess.py:93} INFO -   Env var required but not provided: 'SNOWFLAKE_ACCOUNT'
[2026-04-30T11:24:00.837+0000] {subprocess.py:97} INFO - Command exited with return code 2
[2026-04-30T11:24:00.839+0000] {taskinstance.py:441} INFO - ::group::Post task execution logs
[2026-04-30T11:24:00.860+0000] {taskinstance.py:2905} ERROR - Task failed with exception
Traceback (most recent call last):
  File "/home/airflow/.local/lib/python3.12/site-packages/airflow/models/taskinstance.py", line 465, in _execute_task
    result = _execute_callable(context=context, **execute_callable_kwargs)
             ^^^^^^^^^^^^^^^^^^^^^^^^^^^^^^^^^^^^^^^^^^^^^^^^^^^^^^^^^^^^^
  File "/home/airflow/.local/lib/python3.12/site-packages/airflow/models/taskinstance.py", line 432, in _execute_callable
    return execute_callable(context=context, **execute_callable_kwargs)
           ^^^^^^^^^^^^^^^^^^^^^^^^^^^^^^^^^^^^^^^^^^^^^^^^^^^^^^^^^^^^
  File "/home/airflow/.local/lib/python3.12/site-packages/airflow/models/baseoperator.py", line 400, in wrapper
    return func(self, *args, **kwargs)
           ^^^^^^^^^^^^^^^^^^^^^^^^^^^
  File "/home/airflow/.local/lib/python3.12/site-packages/airflow/operators/bash.py", line 243, in execute
    raise AirflowException(
airflow.exceptions.AirflowException: Bash command failed. The command returned a non-zero exit code 2.
[2026-04-30T11:24:00.870+0000] {taskinstance.py:1206} INFO - Marking task as UP_FOR_RETRY. dag_id=sales_dwh_pipeline, task_id=dbt_silver.dbt_run_silver, run_id=manual__2026-04-30T11:17:57.322670+00:00, execution_date=20260430T111757, start_date=20260430T112354, end_date=20260430T112400
[2026-04-30T11:24:00.913+0000] {standard_task_runner.py:110} ERROR - Failed to execute job 7 for task dbt_silver.dbt_run_silver (Bash command failed. The command returned a non-zero exit code 2.; 376)
[2026-04-30T11:24:00.934+0000] {local_task_job_runner.py:240} INFO - Task exited with return code 1
[2026-04-30T11:24:00.977+0000] {taskinstance.py:3498} INFO - 0 downstream tasks scheduled from follow-on schedule check
[2026-04-30T11:24:00.981+0000] {local_task_job_runner.py:222} INFO - ::endgroup::
