[2026-04-30T11:23:35.328+0000] {local_task_job_runner.py:120} INFO - ::group::Pre task execution logs
[2026-04-30T11:23:35.395+0000] {taskinstance.py:2076} INFO - Dependencies all met for dep_context=non-requeueable deps ti=<TaskInstance: sales_dwh_pipeline.dbt_deps manual__2026-04-30T11:17:57.322670+00:00 [queued]>
[2026-04-30T11:23:35.408+0000] {taskinstance.py:2076} INFO - Dependencies all met for dep_context=requeueable deps ti=<TaskInstance: sales_dwh_pipeline.dbt_deps manual__2026-04-30T11:17:57.322670+00:00 [queued]>
[2026-04-30T11:23:35.409+0000] {taskinstance.py:2306} INFO - Starting attempt 1 of 2
[2026-04-30T11:23:35.434+0000] {taskinstance.py:2330} INFO - Executing <Task(BashOperator): dbt_deps> on 2026-04-30 11:17:57.322670+00:00
[2026-04-30T11:23:35.450+0000] {logging_mixin.py:188} WARNING - /home/***/.local/lib/python3.12/site-packages/***/task/task_runner/standard_task_runner.py:61 DeprecationWarning: This process (pid=360) is multi-threaded, use of fork() may lead to deadlocks in the child.
[2026-04-30T11:23:35.452+0000] {standard_task_runner.py:63} INFO - Started process 361 to run task
[2026-04-30T11:23:35.450+0000] {standard_task_runner.py:90} INFO - Running: ['***', 'tasks', 'run', 'sales_dwh_pipeline', 'dbt_deps', 'manual__2026-04-30T11:17:57.322670+00:00', '--job-id', '6', '--raw', '--subdir', 'DAGS_FOLDER/sales_dwh_pipeline.py', '--cfg-path', '/tmp/tmpmqwx7w7u']
[2026-04-30T11:23:35.454+0000] {standard_task_runner.py:91} INFO - Job 6: Subtask dbt_deps
[2026-04-30T11:23:35.572+0000] {task_command.py:426} INFO - Running <TaskInstance: sales_dwh_pipeline.dbt_deps manual__2026-04-30T11:17:57.322670+00:00 [running]> on host 172831717fd2
[2026-04-30T11:23:35.739+0000] {taskinstance.py:2648} INFO - Exporting env vars: AIRFLOW_CTX_DAG_OWNER='data-team' AIRFLOW_CTX_DAG_ID='sales_dwh_pipeline' AIRFLOW_CTX_TASK_ID='dbt_deps' AIRFLOW_CTX_EXECUTION_DATE='2026-04-30T11:17:57.322670+00:00' AIRFLOW_CTX_TRY_NUMBER='1' AIRFLOW_CTX_DAG_RUN_ID='manual__2026-04-30T11:17:57.322670+00:00'
[2026-04-30T11:23:35.741+0000] {taskinstance.py:430} INFO - ::endgroup::
[2026-04-30T11:23:35.766+0000] {subprocess.py:63} INFO - Tmp dir root location: /tmp
[2026-04-30T11:23:35.769+0000] {subprocess.py:75} INFO - Running command: ['/usr/bin/bash', '-c', 'dbt deps --project-dir /opt/***/dbt/sales_dwh --profiles-dir /opt/***/dbt/profiles --no-use-colors']
[2026-04-30T11:23:35.790+0000] {subprocess.py:86} INFO - Output:
[2026-04-30T11:23:40.126+0000] {subprocess.py:93} INFO - 11:23:40  Running with dbt=1.11.8
[2026-04-30T11:23:41.443+0000] {subprocess.py:93} INFO - 11:23:41  Installing dbt-labs/dbt_utils
[2026-04-30T11:23:52.946+0000] {subprocess.py:93} INFO - 11:23:52  Installed from version 1.3.3
[2026-04-30T11:23:52.948+0000] {subprocess.py:93} INFO - 11:23:52  Up to date!
[2026-04-30T11:23:54.092+0000] {subprocess.py:97} INFO - Command exited with return code 0
[2026-04-30T11:23:54.093+0000] {taskinstance.py:441} INFO - ::group::Post task execution logs
[2026-04-30T11:23:54.147+0000] {taskinstance.py:1206} INFO - Marking task as SUCCESS. dag_id=sales_dwh_pipeline, task_id=dbt_deps, run_id=manual__2026-04-30T11:17:57.322670+00:00, execution_date=20260430T111757, start_date=20260430T112335, end_date=20260430T112354
[2026-04-30T11:23:54.256+0000] {local_task_job_runner.py:240} INFO - Task exited with return code 0
[2026-04-30T11:23:54.341+0000] {taskinstance.py:3498} INFO - 0 downstream tasks scheduled from follow-on schedule check
[2026-04-30T11:23:54.345+0000] {local_task_job_runner.py:222} INFO - ::endgroup::
